Archive member included to satisfy reference by file (symbol)

c:/program files (x86)/atollic/truestudio for stm32 9.0.1/armtools/bin/../lib/gcc/arm-atollic-eabi/6.3.1/../../../../arm-atollic-eabi/lib/armv7e-m/fpu\libc.a(lib_a-init.o)
                              startup\startup_stm32f407xx.o (__libc_init_array)
c:/program files (x86)/atollic/truestudio for stm32 9.0.1/armtools/bin/../lib/gcc/arm-atollic-eabi/6.3.1/../../../../arm-atollic-eabi/lib/armv7e-m/fpu\libc.a(lib_a-sprintf.o)
                              Src\main.o (sprintf)
c:/program files (x86)/atollic/truestudio for stm32 9.0.1/armtools/bin/../lib/gcc/arm-atollic-eabi/6.3.1/../../../../arm-atollic-eabi/lib/armv7e-m/fpu\libc.a(lib_a-strlen.o)
                              Src\main.o (strlen)
c:/program files (x86)/atollic/truestudio for stm32 9.0.1/armtools/bin/../lib/gcc/arm-atollic-eabi/6.3.1/../../../../arm-atollic-eabi/lib/armv7e-m/fpu\libc.a(lib_a-svfprintf.o)
                              c:/program files (x86)/atollic/truestudio for stm32 9.0.1/armtools/bin/../lib/gcc/arm-atollic-eabi/6.3.1/../../../../arm-atollic-eabi/lib/armv7e-m/fpu\libc.a(lib_a-sprintf.o) (_svfprintf_r)
c:/program files (x86)/atollic/truestudio for stm32 9.0.1/armtools/bin/../lib/gcc/arm-atollic-eabi/6.3.1/../../../../arm-atollic-eabi/lib/armv7e-m/fpu\libc.a(lib_a-dtoa.o)
                              c:/program files (x86)/atollic/truestudio for stm32 9.0.1/armtools/bin/../lib/gcc/arm-atollic-eabi/6.3.1/../../../../arm-atollic-eabi/lib/armv7e-m/fpu\libc.a(lib_a-svfprintf.o) (_dtoa_r)
c:/program files (x86)/atollic/truestudio for stm32 9.0.1/armtools/bin/../lib/gcc/arm-atollic-eabi/6.3.1/../../../../arm-atollic-eabi/lib/armv7e-m/fpu\libc.a(lib_a-impure.o)
                              c:/program files (x86)/atollic/truestudio for stm32 9.0.1/armtools/bin/../lib/gcc/arm-atollic-eabi/6.3.1/../../../../arm-atollic-eabi/lib/armv7e-m/fpu\libc.a(lib_a-sprintf.o) (_impure_ptr)
c:/program files (x86)/atollic/truestudio for stm32 9.0.1/armtools/bin/../lib/gcc/arm-atollic-eabi/6.3.1/../../../../arm-atollic-eabi/lib/armv7e-m/fpu\libc.a(lib_a-localeconv.o)
                              c:/program files (x86)/atollic/truestudio for stm32 9.0.1/armtools/bin/../lib/gcc/arm-atollic-eabi/6.3.1/../../../../arm-atollic-eabi/lib/armv7e-m/fpu\libc.a(lib_a-svfprintf.o) (_localeconv_r)
c:/program files (x86)/atollic/truestudio for stm32 9.0.1/armtools/bin/../lib/gcc/arm-atollic-eabi/6.3.1/../../../../arm-atollic-eabi/lib/armv7e-m/fpu\libc.a(lib_a-malloc.o)
                              c:/program files (x86)/atollic/truestudio for stm32 9.0.1/armtools/bin/../lib/gcc/arm-atollic-eabi/6.3.1/../../../../arm-atollic-eabi/lib/armv7e-m/fpu\libc.a(lib_a-dtoa.o) (malloc)
c:/program files (x86)/atollic/truestudio for stm32 9.0.1/armtools/bin/../lib/gcc/arm-atollic-eabi/6.3.1/../../../../arm-atollic-eabi/lib/armv7e-m/fpu\libc.a(lib_a-mallocr.o)
                              c:/program files (x86)/atollic/truestudio for stm32 9.0.1/armtools/bin/../lib/gcc/arm-atollic-eabi/6.3.1/../../../../arm-atollic-eabi/lib/armv7e-m/fpu\libc.a(lib_a-svfprintf.o) (_malloc_r)
c:/program files (x86)/atollic/truestudio for stm32 9.0.1/armtools/bin/../lib/gcc/arm-atollic-eabi/6.3.1/../../../../arm-atollic-eabi/lib/armv7e-m/fpu\libc.a(lib_a-memchr.o)
                              c:/program files (x86)/atollic/truestudio for stm32 9.0.1/armtools/bin/../lib/gcc/arm-atollic-eabi/6.3.1/../../../../arm-atollic-eabi/lib/armv7e-m/fpu\libc.a(lib_a-svfprintf.o) (memchr)
c:/program files (x86)/atollic/truestudio for stm32 9.0.1/armtools/bin/../lib/gcc/arm-atollic-eabi/6.3.1/../../../../arm-atollic-eabi/lib/armv7e-m/fpu\libc.a(lib_a-memcpy-stub.o)
                              c:/program files (x86)/atollic/truestudio for stm32 9.0.1/armtools/bin/../lib/gcc/arm-atollic-eabi/6.3.1/../../../../arm-atollic-eabi/lib/armv7e-m/fpu\libc.a(lib_a-dtoa.o) (memcpy)
c:/program files (x86)/atollic/truestudio for stm32 9.0.1/armtools/bin/../lib/gcc/arm-atollic-eabi/6.3.1/../../../../arm-atollic-eabi/lib/armv7e-m/fpu\libc.a(lib_a-mlock.o)
                              c:/program files (x86)/atollic/truestudio for stm32 9.0.1/armtools/bin/../lib/gcc/arm-atollic-eabi/6.3.1/../../../../arm-atollic-eabi/lib/armv7e-m/fpu\libc.a(lib_a-mallocr.o) (__malloc_lock)
c:/program files (x86)/atollic/truestudio for stm32 9.0.1/armtools/bin/../lib/gcc/arm-atollic-eabi/6.3.1/../../../../arm-atollic-eabi/lib/armv7e-m/fpu\libc.a(lib_a-mprec.o)
                              c:/program files (x86)/atollic/truestudio for stm32 9.0.1/armtools/bin/../lib/gcc/arm-atollic-eabi/6.3.1/../../../../arm-atollic-eabi/lib/armv7e-m/fpu\libc.a(lib_a-dtoa.o) (_Balloc)
c:/program files (x86)/atollic/truestudio for stm32 9.0.1/armtools/bin/../lib/gcc/arm-atollic-eabi/6.3.1/../../../../arm-atollic-eabi/lib/armv7e-m/fpu\libc.a(lib_a-sbrkr.o)
[...]
Memory Configuration

Name             Origin             Length             Attributes
RAM              0x20000000         0x00020000         xrw
CCMRAM           0x10000000         0x00010000         rw
FLASH            0x08000000         0x00100000         xr
*default*        0x00000000         0xffffffff

Linker script and memory map

LOAD c:/program files (x86)/atollic/truestudio for stm32 9.0.1/armtools/bin/../lib/gcc/arm-atollic-eabi/6.3.1/armv7e-m/fpu/crti.o
LOAD c:/program files (x86)/atollic/truestudio for stm32 9.0.1/armtools/bin/../lib/gcc/arm-atollic-eabi/6.3.1/armv7e-m/fpu/crtbegin.o
LOAD Drivers\STM32F4xx_HAL_Driver\Src\stm32f4xx_hal.o
LOAD Drivers\STM32F4xx_HAL_Driver\Src\stm32f4xx_hal_adc.o
LOAD Drivers\STM32F4xx_HAL_Driver\Src\stm32f4xx_hal_adc_ex.o
LOAD Drivers\STM32F4xx_HAL_Driver\Src\stm32f4xx_hal_cortex.o
LOAD Drivers\STM32F4xx_HAL_Driver\Src\stm32f4xx_hal_dma.o
LOAD Drivers\STM32F4xx_HAL_Driver\Src\stm32f4xx_hal_dma_ex.o
LOAD Drivers\STM32F4xx_HAL_Driver\Src\stm32f4xx_hal_flash.o
LOAD Drivers\STM32F4xx_HAL_Driver\Src\stm32f4xx_hal_flash_ex.o
LOAD Drivers\STM32F4xx_HAL_Driver\Src\stm32f4xx_hal_flash_ramfunc.o
LOAD Drivers\STM32F4xx_HAL_Driver\Src\stm32f4xx_hal_gpio.o
LOAD Drivers\STM32F4xx_HAL_Driver\Src\stm32f4xx_hal_pwr.o
LOAD Drivers\STM32F4xx_HAL_Driver\Src\stm32f4xx_hal_pwr_ex.o
LOAD Drivers\STM32F4xx_HAL_Driver\Src\stm32f4xx_hal_rcc.o
LOAD Drivers\STM32F4xx_HAL_Driver\Src\stm32f4xx_hal_rcc_ex.o
LOAD Drivers\STM32F4xx_HAL_Driver\Src\stm32f4xx_hal_tim.o
LOAD Drivers\STM32F4xx_HAL_Driver\Src\stm32f4xx_hal_tim_ex.o
LOAD Drivers\STM32F4xx_HAL_Driver\Src\stm32f4xx_hal_uart.o
LOAD Src\adc.o
LOAD Src\dma.o
LOAD Src\gpio.o
LOAD Src\main.o
LOAD Src\stm32f4xx_hal_msp.o
LOAD Src\stm32f4xx_it.o
LOAD Src\system_stm32f4xx.o
LOAD Src\tim.o
LOAD Src\usart.o
LOAD startup\startup_stm32f407xx.o
                0x00000080                malloc_getpagesize_P = 0x80
START GROUP
LOAD c:/program files (x86)/atollic/truestudio for stm32 9.0.1/armtools/bin/../lib/gcc/arm-atollic-eabi/6.3.1/../../../../arm-atollic-eabi/lib/armv7e-m/fpu\libc.a
LOAD c:/program files (x86)/atollic/truestudio for stm32 9.0.1/armtools/bin/../lib/gcc/arm-atollic-eabi/6.3.1/../../../../arm-atollic-eabi/lib/armv7e-m/fpu\libm.a
END GROUP
START GROUP
LOAD c:/program files (x86)/atollic/truestudio for stm32 9.0.1/armtools/bin/../lib/gcc/arm-atollic-eabi/6.3.1/armv7e-m/fpu\libgcc.a
LOAD c:/program files (x86)/atollic/truestudio for stm32 9.0.1/armtools/bin/../lib/gcc/arm-atollic-eabi/6.3.1/../../../../arm-atollic-eabi/lib/armv7e-m/fpu\libc.a
END GROUP
START GROUP
LOAD c:/program files (x86)/atollic/truestudio for stm32 9.0.1/armtools/bin/../lib/gcc/arm-atollic-eabi/6.3.1/armv7e-m/fpu\libgcc.a
LOAD c:/program files (x86)/atollic/truestudio for stm32 9.0.1/armtools/bin/../lib/gcc/arm-atollic-eabi/6.3.1/../../../../arm-atollic-eabi/lib/armv7e-m/fpu\libc.a
LOAD c:/program files (x86)/atollic/truestudio for stm32 9.0.1/armtools/bin/../lib/gcc/arm-atollic-eabi/6.3.1/../../../../arm-atollic-eabi/lib/armv7e-m/fpu\libnosys.a
END GROUP
LOAD c:/program files (x86)/atollic/truestudio for stm32 9.0.1/armtools/bin/../lib/gcc/arm-atollic-eabi/6.3.1/armv7e-m/fpu/crtend.o
LOAD c:/program files (x86)/atollic/truestudio for stm32 9.0.1/armtools/bin/../lib/gcc/arm-atollic-eabi/6.3.1/armv7e-m/fpu/crtn.o
                0x20020000                _estack = 0x20020000
                0x00000200                _Min_Heap_Size = 0x200
                0x00000400                _Min_Stack_Size = 0x400

.isr_vector     0x08000000      0x188
                0x08000000                . = ALIGN (0x4)
 *(.isr_vector)
 .isr_vector    0x08000000      0x188 startup\startup_stm32f407xx.o
                0x08000000                g_pfnVectors
                0x08000188                . = ALIGN (0x4)

.text           0x08000190     0x5d4c
                0x08000190                . = ALIGN (0x4)
 *(.text)
 .text          0x08000190       0x40 c:/program files (x86)/atollic/truestudio for stm32 9.0.1/armtools/bin/../lib/gcc/arm-atollic-eabi/6.3.1/armv7e-m/fpu/crtbegin.o
 .text          0x080001d0       0x10 c:/program files (x86)/atollic/truestudio for stm32 9.0.1/armtools/bin/../lib/gcc/arm-atollic-eabi/6.3.1/../../../../arm-atollic-eabi/lib/armv7e-m/fpu\libc.a(lib_a-strlen.o)
                0x080001d0                strlen
 .text          0x080001e0       0xa0 c:/program files (x86)/atollic/truestudio for stm32 9.0.1/armtools/bin/../lib/gcc/arm-atollic-eabi/6.3.1/../../../../arm-atollic-eabi/lib/armv7e-m/fpu\libc.a(lib_a-memchr.o)
                0x080001e0                memchr
 .text          0x08000280      0x370 c:/program files (x86)/atollic/truestudio for stm32 9.0.1/armtools/bin/../lib/gcc/arm-atollic-eabi/6.3.1/armv7e-m/fpu\libgcc.a(_arm_addsubdf3.o)
                0x08000280                __aeabi_drsub
                0x08000288                __aeabi_dsub
                0x08000288                __subdf3
                0x0800028c                __aeabi_dadd
                0x0800028c                __adddf3
                0x08000504                __floatunsidf
                0x08000504                __aeabi_ui2d
                0x08000524                __floatsidf
                0x08000524                __aeabi_i2d
                0x08000548                __aeabi_f2d
                0x08000548                __extendsfdf2
                0x08000584                __floatundidf
                0x08000584                __aeabi_ul2d
                0x08000594                __floatdidf
                0x08000594                __aeabi_l2d
 .text          0x080005f0      0x424 c:/program files (x86)/atollic/truestudio for stm32 9.0.1/armtools/bin/../lib/gcc/arm-atollic-eabi/6.3.1/armv7e-m/fpu\libgcc.a(_arm_muldivdf3.o)
                0x080005f0                __aeabi_dmul
                0x080005f0                __muldf3
                0x08000844                __divdf3
                0x08000844                __aeabi_ddiv
 .text          0x08000a14      0x110 c:/program files (x86)/atollic/truestudio for stm32 9.0.1/armtools/bin/../lib/gcc/arm-atollic-eabi/6.3.1/armv7e-m/fpu\libgcc.a(_arm_cmpdf2.o)
                0x08000a14                __gtdf2
                0x08000a14                __gedf2
                0x08000a1c                __ltdf2
                0x08000a1c                __ledf2
                0x08000a24                __nedf2
                0x08000a24                __eqdf2
                0x08000a24                __cmpdf2
                0x08000aa0                __aeabi_cdrcmple
                0x08000ab0                __aeabi_cdcmpeq
                0x08000ab0                __aeabi_cdcmple
                0x08000ac0                __aeabi_dcmpeq
                0x08000ad4                __aeabi_dcmplt
                0x08000ae8                __aeabi_dcmple
                0x08000afc                __aeabi_dcmpge
                0x08000b10                __aeabi_dcmpgt
 .text          0x08000b24       0x2c c:/program files (x86)/atollic/truestudio for stm32 9.0.1/armtools/bin/../lib/gcc/arm-atollic-eabi/6.3.1/armv7e-m/fpu\libgcc.a(_arm_unorddf2.o)
                0x08000b24                __unorddf2
                0x08000b24                __aeabi_dcmpun
 .text          0x08000b50       0x50 c:/program files (x86)/atollic/truestudio for stm32 9.0.1/armtools/bin/../lib/gcc/arm-atollic-eabi/6.3.1/armv7e-m/fpu\libgcc.a(_arm_fixdfsi.o)
                0x08000b50                __aeabi_d2iz
                0x08000b50                __fixdfsi
 .text          0x08000ba0       0x30 c:/program files (x86)/atollic/truestudio for stm32 9.0.1/armtools/bin/../lib/gcc/arm-atollic-eabi/6.3.1/armv7e-m/fpu\libgcc.a(_aeabi_uldivmod.o)
                0x08000ba0                __aeabi_uldivmod
 .text          0x08000bd0      0x2dc c:/program files (x86)/atollic/truestudio for stm32 9.0.1/armtools/bin/../lib/gcc/arm-atollic-eabi/6.3.1/armv7e-m/fpu\libgcc.a(_udivmoddi4.o)
                0x08000bd0                __udivmoddi4
 .text          0x08000eac        0x4 c:/program files (x86)/atollic/truestudio for stm32 9.0.1/armtools/bin/../lib/gcc/arm-atollic-eabi/6.3.1/armv7e-m/fpu\libgcc.a(_dvmd_tls.o)
                0x08000eac                __aeabi_idiv0
                0x08000eac                __aeabi_ldiv0
 *(.text*)
 .text.HAL_InitTick
                0x08000eb0       0x28 Drivers\STM32F4xx_HAL_Driver\Src\stm32f4xx_hal.o
                0x08000eb0                HAL_InitTick
 .text.HAL_Init
                0x08000ed8       0x34 Drivers\STM32F4xx_HAL_Driver\Src\stm32f4xx_hal.o
                0x08000ed8                HAL_Init
 .text.HAL_IncTick
                0x08000f0c       0x10 Drivers\STM32F4xx_HAL_Driver\Src\stm32f4xx_hal.o
                0x08000f0c                HAL_IncTick
 .text.HAL_GetTick
                0x08000f1c        0xc Drivers\STM32F4xx_HAL_Driver\Src\stm32f4xx_hal.o
                0x08000f1c                HAL_GetTick
 .text.HAL_ADC_Init
                0x08000f28      0x148 Drivers\STM32F4xx_HAL_Driver\Src\stm32f4xx_hal_adc.o
                0x08000f28                HAL_ADC_Init
 .text.HAL_ADC_Start_DMA
                0x08001070      0x100 Drivers\STM32F4xx_HAL_Driver\Src\stm32f4xx_hal_adc.o
                0x08001070                HAL_ADC_Start_DMA
 .text.HAL_ADC_ConvCpltCallback
                0x08001170        0x2 Drivers\STM32F4xx_HAL_Driver\Src\stm32f4xx_hal_adc.o
                0x08001170                HAL_ADC_ConvCpltCallback
 .text.ADC_DMAConvCplt
                0x08001172       0x60 Drivers\STM32F4xx_HAL_Driver\Src\stm32f4xx_hal_adc.o
 .text.HAL_ADC_ConvHalfCpltCallback
                0x080011d2        0x2 Drivers\STM32F4xx_HAL_Driver\Src\stm32f4xx_hal_adc.o
                0x080011d2                HAL_ADC_ConvHalfCpltCallback
 .text.ADC_DMAHalfConvCplt
                0x080011d4        0xa Drivers\STM32F4xx_HAL_Driver\Src\stm32f4xx_hal_adc.o
 .text.HAL_ADC_ErrorCallback
                0x080011de        0x2 Drivers\STM32F4xx_HAL_Driver\Src\stm32f4xx_hal_adc.o
                0x080011de                HAL_ADC_ErrorCallback
 .text.ADC_DMAError
                0x080011e0       0x16 Drivers\STM32F4xx_HAL_Driver\Src\stm32f4xx_hal_adc.o
 *fill*         0x080011f6        0x2 
 .text.HAL_ADC_ConfigChannel
                0x080011f8      0x12c Drivers\STM32F4xx_HAL_Driver\Src\stm32f4xx_hal_adc.o
                0x080011f8                HAL_ADC_ConfigChannel
 .text.HAL_NVIC_SetPriorityGrouping
                0x08001324       0x24 Drivers\STM32F4xx_HAL_Driver\Src\stm32f4xx_hal_cortex.o
                0x08001324                HAL_NVIC_SetPriorityGrouping
 .text.HAL_NVIC_SetPriority
                0x08001348       0x68 Drivers\STM32F4xx_HAL_Driver\Src\stm32f4xx_hal_cortex.o
                0x08001348                HAL_NVIC_SetPriority
 .text.HAL_NVIC_EnableIRQ
                0x080013b0       0x18 Drivers\STM32F4xx_HAL_Driver\Src\stm32f4xx_hal_cortex.o
                0x080013b0                HAL_NVIC_EnableIRQ
 .text.HAL_SYSTICK_Config
                0x080013c8       0x2c Drivers\STM32F4xx_HAL_Driver\Src\stm32f4xx_hal_cortex.o
                0x080013c8                HAL_SYSTICK_Config
 .text.HAL_SYSTICK_CLKSourceConfig
                0x080013f4       0x18 Drivers\STM32F4xx_HAL_Driver\Src\stm32f4xx_hal_cortex.o
                0x080013f4                HAL_SYSTICK_CLKSourceConfig
 .text.HAL_SYSTICK_Callback
                0x0800140c        0x2 Drivers\STM32F4xx_HAL_Driver\Src\stm32f4xx_hal_cortex.o
                0x0800140c                HAL_SYSTICK_Callback
 .text.HAL_SYSTICK_IRQHandler
                0x0800140e        0x8 Drivers\STM32F4xx_HAL_Driver\Src\stm32f4xx_hal_cortex.o
                0x0800140e                HAL_SYSTICK_IRQHandler
 *fill*         0x08001416        0x2 
 .text.DMA_CalcBaseAndBitshift
                0x08001418       0x2c Drivers\STM32F4xx_HAL_Driver\Src\stm32f4xx_hal_dma.o
 .text.HAL_DMA_Init
                0x08001444       0xfc Drivers\STM32F4xx_HAL_Driver\Src\stm32f4xx_hal_dma.o
                0x08001444                HAL_DMA_Init
 .text.HAL_DMA_Start_IT
                0x08001540       0x7c Drivers\STM32F4xx_HAL_Driver\Src\stm32f4xx_hal_dma.o
                0x08001540                HAL_DMA_Start_IT
 .text.HAL_DMA_IRQHandler
                0x080015bc      0x174 Drivers\STM32F4xx_HAL_Driver\Src\stm32f4xx_hal_dma.o
                0x080015bc                HAL_DMA_IRQHandler
 .text.HAL_GPIO_Init
                0x08001730      0x1c0 Drivers\STM32F4xx_HAL_Driver\Src\stm32f4xx_hal_gpio.o
                0x08001730                HAL_GPIO_Init
 .text.HAL_GPIO_WritePin
                0x080018f0        0xa Drivers\STM32F4xx_HAL_Driver\Src\stm32f4xx_hal_gpio.o
                0x080018f0                HAL_GPIO_WritePin
 *fill*         0x080018fa        0x2 
 .text.HAL_RCC_OscConfig
                0x080018fc      0x2ec Drivers\STM32F4xx_HAL_Driver\Src\stm32f4xx_hal_rcc.o
                0x080018fc                HAL_RCC_OscConfig
 .text.HAL_RCC_GetSysClockFreq
                0x08001be8       0x5c Drivers\STM32F4xx_HAL_Driver\Src\stm32f4xx_hal_rcc.o
                0x08001be8                HAL_RCC_GetSysClockFreq
 .text.HAL_RCC_ClockConfig
                0x08001c44      0x134 Drivers\STM32F4xx_HAL_Driver\Src\stm32f4xx_hal_rcc.o
                0x08001c44                HAL_RCC_ClockConfig
 .text.HAL_RCC_GetHCLKFreq
                0x08001d78        0xc Drivers\STM32F4xx_HAL_Driver\Src\stm32f4xx_hal_rcc.o
                0x08001d78                HAL_RCC_GetHCLKFreq
 .text.HAL_RCC_GetPCLK1Freq
                0x08001d84       0x20 Drivers\STM32F4xx_HAL_Driver\Src\stm32f4xx_hal_rcc.o
                0x08001d84                HAL_RCC_GetPCLK1Freq
 .text.HAL_RCC_GetPCLK2Freq
                0x08001da4       0x20 Drivers\STM32F4xx_HAL_Driver\Src\stm32f4xx_hal_rcc.o
                0x08001da4                HAL_RCC_GetPCLK2Freq
 .text.TIM_OC1_SetConfig
                0x08001dc4       0x58 Drivers\STM32F4xx_HAL_Driver\Src\stm32f4xx_hal_tim.o
 .text.TIM_OC3_SetConfig
                0x08001e1c       0x60 Drivers\STM32F4xx_HAL_Driver\Src\stm32f4xx_hal_tim.o
 .text.TIM_OC4_SetConfig
                0x08001e7c       0x50 Drivers\STM32F4xx_HAL_Driver\Src\stm32f4xx_hal_tim.o
 .text.HAL_TIM_PWM_MspInit
                0x08001ecc        0x2 Drivers\STM32F4xx_HAL_Driver\Src\stm32f4xx_hal_tim.o
                0x08001ecc                HAL_TIM_PWM_MspInit
 .text.HAL_TIM_ConfigClockSource
                0x08001ece      0x172 Drivers\STM32F4xx_HAL_Driver\Src\stm32f4xx_hal_tim.o
                0x08001ece                HAL_TIM_ConfigClockSource
 .text.HAL_TIM_PeriodElapsedCallback
                0x08002040        0x2 Drivers\STM32F4xx_HAL_Driver\Src\stm32f4xx_hal_tim.o
                0x08002040                HAL_TIM_PeriodElapsedCallback
 .text.HAL_TIM_OC_DelayElapsedCallback
                0x08002042        0x2 Drivers\STM32F4xx_HAL_Driver\Src\stm32f4xx_hal_tim.o
                0x08002042                HAL_TIM_OC_DelayElapsedCallback
 .text.HAL_TIM_IC_CaptureCallback
                0x08002044        0x2 Drivers\STM32F4xx_HAL_Driver\Src\stm32f4xx_hal_tim.o
                0x08002044                HAL_TIM_IC_CaptureCallback
 .text.HAL_TIM_PWM_PulseFinishedCallback
                0x08002046        0x2 Drivers\STM32F4xx_HAL_Driver\Src\stm32f4xx_hal_tim.o
                0x08002046                HAL_TIM_PWM_PulseFinishedCallback
 .text.HAL_TIM_TriggerCallback
                0x08002048        0x2 Drivers\STM32F4xx_HAL_Driver\Src\stm32f4xx_hal_tim.o
                0x08002048                HAL_TIM_TriggerCallback
 .text.HAL_TIM_IRQHandler
                0x0800204a      0x144 Drivers\STM32F4xx_HAL_Driver\Src\stm32f4xx_hal_tim.o
                0x0800204a                HAL_TIM_IRQHandler
 *fill*         0x0800218e        0x2 
 .text.TIM_Base_SetConfig
                0x08002190       0xc8 Drivers\STM32F4xx_HAL_Driver\Src\stm32f4xx_hal_tim.o
                0x08002190                TIM_Base_SetConfig
 .text.HAL_TIM_Base_Init
                0x08002258       0x34 Drivers\STM32F4xx_HAL_Driver\Src\stm32f4xx_hal_tim.o
                0x08002258                HAL_TIM_Base_Init
 .text.HAL_TIM_PWM_Init
                0x0800228c       0x34 Drivers\STM32F4xx_HAL_Driver\Src\stm32f4xx_hal_tim.o
                0x0800228c                HAL_TIM_PWM_Init
 .text.TIM_OC2_SetConfig
                0x080022c0       0x60 Drivers\STM32F4xx_HAL_Driver\Src\stm32f4xx_hal_tim.o
                0x080022c0                TIM_OC2_SetConfig
 .text.HAL_TIM_PWM_ConfigChannel
                0x08002320       0xc4 Drivers\STM32F4xx_HAL_Driver\Src\stm32f4xx_hal_tim.o
                0x08002320                HAL_TIM_PWM_ConfigChannel
 .text.TIM_CCxChannelCmd
                0x080023e4       0x18 Drivers\STM32F4xx_HAL_Driver\Src\stm32f4xx_hal_tim.o
                0x080023e4                TIM_CCxChannelCmd
 .text.HAL_TIM_PWM_Start
                0x080023fc       0x34 Drivers\STM32F4xx_HAL_Driver\Src\stm32f4xx_hal_tim.o
                0x080023fc                HAL_TIM_PWM_Start
 .text.HAL_TIMEx_MasterConfigSynchronization
                0x08002430       0x44 Drivers\STM32F4xx_HAL_Driver\Src\stm32f4xx_hal_tim_ex.o
                0x08002430                HAL_TIMEx_MasterConfigSynchronization
 .text.HAL_TIMEx_ConfigBreakDeadTime
                0x08002474       0x4c Drivers\STM32F4xx_HAL_Driver\Src\stm32f4xx_hal_tim_ex.o
                0x08002474                HAL_TIMEx_ConfigBreakDeadTime
 .text.HAL_TIMEx_CommutationCallback
                0x080024c0        0x2 Drivers\STM32F4xx_HAL_Driver\Src\stm32f4xx_hal_tim_ex.o
                0x080024c0                HAL_TIMEx_CommutationCallback
 .text.HAL_TIMEx_BreakCallback
                0x080024c2        0x2 Drivers\STM32F4xx_HAL_Driver\Src\stm32f4xx_hal_tim_ex.o
                0x080024c2                HAL_TIMEx_BreakCallback
 .text.UART_SetConfig
                0x080024c4      0x234 Drivers\STM32F4xx_HAL_Driver\Src\stm32f4xx_hal_uart.o
 .text.UART_WaitOnFlagUntilTimeout.constprop.3
                0x080026f8       0x50 Drivers\STM32F4xx_HAL_Driver\Src\stm32f4xx_hal_uart.o
 .text.HAL_UART_Init
                0x08002748       0x5c Drivers\STM32F4xx_HAL_Driver\Src\stm32f4xx_hal_uart.o
                0x08002748                HAL_UART_Init
 .text.HAL_UART_Transmit
                0x080027a4       0xba Drivers\STM32F4xx_HAL_Driver\Src\stm32f4xx_hal_uart.o
                0x080027a4                HAL_UART_Transmit
 *fill*         0x0800285e        0x2 
 .text.MX_ADC1_Init
                0x08002860      0x168 Src\adc.o
                0x08002860                MX_ADC1_Init
 .text.HAL_ADC_MspInit
                0x080029c8       0xb4 Src\adc.o
                0x080029c8                HAL_ADC_MspInit
 .text.MX_DMA_Init
                0x08002a7c       0x34 Src\dma.o
                0x08002a7c                MX_DMA_Init
 .text.MX_GPIO_Init
                0x08002ab0       0xc8 Src\gpio.o
                0x08002ab0                MX_GPIO_Init
 .text.SystemClock_Config
                0x08002b78       0x94 Src\main.o
                0x08002b78                SystemClock_Config
 .text.startup.main
                0x08002c0c       0xcc Src\main.o
                0x08002c0c                main
 .text._Error_Handler
                0x08002cd8        0x2 Src\main.o
                0x08002cd8                _Error_Handler
 .text.HAL_MspInit
                0x08002cda       0x60 Src\stm32f4xx_hal_msp.o
                0x08002cda                HAL_MspInit
 .text.NMI_Handler
                0x08002d3a        0x2 Src\stm32f4xx_it.o
                0x08002d3a                NMI_Handler
 .text.HardFault_Handler
                0x08002d3c        0x2 Src\stm32f4xx_it.o
                0x08002d3c                HardFault_Handler
 .text.MemManage_Handler
                0x08002d3e        0x2 Src\stm32f4xx_it.o
                0x08002d3e                MemManage_Handler
 .text.BusFault_Handler
                0x08002d40        0x2 Src\stm32f4xx_it.o
                0x08002d40                BusFault_Handler
 .text.UsageFault_Handler
                0x08002d42        0x2 Src\stm32f4xx_it.o
                0x08002d42                UsageFault_Handler
 .text.SVC_Handler
                0x08002d44        0x2 Src\stm32f4xx_it.o
                0x08002d44                SVC_Handler
 .text.DebugMon_Handler
                0x08002d46        0x2 Src\stm32f4xx_it.o
                0x08002d46                DebugMon_Handler
 .text.PendSV_Handler
                0x08002d48        0x2 Src\stm32f4xx_it.o
                0x08002d48                PendSV_Handler
 .text.SysTick_Handler
                0x08002d4a        0xe Src\stm32f4xx_it.o
                0x08002d4a                SysTick_Handler
 .text.TIM2_IRQHandler
                0x08002d58        0xc Src\stm32f4xx_it.o
                0x08002d58                TIM2_IRQHandler
 .text.DMA2_Stream0_IRQHandler
                0x08002d64        0xc Src\stm32f4xx_it.o
                0x08002d64                DMA2_Stream0_IRQHandler
 .text.SystemInit
                0x08002d70       0x4c Src\system_stm32f4xx.o
                0x08002d70                SystemInit
 .text.MX_TIM2_Init
                0x08002dbc       0x68 Src\tim.o
                0x08002dbc                MX_TIM2_Init
 .text.HAL_TIM_Base_MspInit
                0x08002e24       0x60 Src\tim.o
                0x08002e24                HAL_TIM_Base_MspInit
 .text.HAL_TIM_MspPostInit
                0x08002e84       0x34 Src\tim.o
                0x08002e84                HAL_TIM_MspPostInit
 .text.MX_TIM1_Init
                0x08002eb8       0xe4 Src\tim.o
                0x08002eb8                MX_TIM1_Init
 .text.MX_USART3_UART_Init
                0x08002f9c       0x40 Src\usart.o
                0x08002f9c                MX_USART3_UART_Init
 .text.HAL_UART_MspInit
                0x08002fdc       0x54 Src\usart.o
                0x08002fdc                HAL_UART_MspInit
 .text.Reset_Handler
                0x08003030       0x50 startup\startup_stm32f407xx.o
                0x08003030                Reset_Handler
 .text.Default_Handler
                0x08003080        0x2 startup\startup_stm32f407xx.o
                0x08003080                RTC_Alarm_IRQHandler
                0x08003080                HASH_RNG_IRQHandler
                0x08003080                EXTI2_IRQHandler
                0x08003080                TIM8_CC_IRQHandler
                0x08003080                TIM1_CC_IRQHandler
                0x08003080                DMA2_Stream5_IRQHandler
                0x08003080                DMA1_Stream5_IRQHandler
                0x08003080                PVD_IRQHandler
                0x08003080                SDIO_IRQHandler
                0x08003080                TAMP_STAMP_IRQHandler
                0x08003080                CAN2_RX1_IRQHandler
                0x08003080                EXTI3_IRQHandler
                0x08003080                TIM8_TRG_COM_TIM14_IRQHandler
                0x08003080                TIM1_UP_TIM10_IRQHandler
                0x08003080                TIM8_UP_TIM13_IRQHandler
                0x08003080                I2C3_ER_IRQHandler
                0x08003080                EXTI0_IRQHandler
                0x08003080                I2C2_EV_IRQHandler
                0x08003080                DMA1_Stream2_IRQHandler
                0x08003080                CAN1_RX0_IRQHandler
                0x08003080                FPU_IRQHandler
                0x08003080                OTG_HS_WKUP_IRQHandler
                0x08003080                CAN2_SCE_IRQHandler
                0x08003080                DMA2_Stream2_IRQHandler
                0x08003080                SPI1_IRQHandler
                0x08003080                TIM6_DAC_IRQHandler
                0x08003080                TIM1_BRK_TIM9_IRQHandler
                0x08003080                DCMI_IRQHandler
                0x08003080                CAN2_RX0_IRQHandler
                0x08003080                DMA2_Stream3_IRQHandler
                0x08003080                USART6_IRQHandler
                0x08003080                USART3_IRQHandler
                0x08003080                CAN1_RX1_IRQHandler
                0x08003080                UART5_IRQHandler
                0x08003080                TIM4_IRQHandler
                0x08003080                I2C1_EV_IRQHandler
                0x08003080                DMA1_Stream6_IRQHandler
                0x08003080                DMA1_Stream1_IRQHandler
                0x08003080                UART4_IRQHandler
                0x08003080                TIM3_IRQHandler
                0x08003080                RCC_IRQHandler
                0x08003080                TIM8_BRK_TIM12_IRQHandler
                0x08003080                Default_Handler
                0x08003080                EXTI15_10_IRQHandler
                0x08003080                ADC_IRQHandler
                0x08003080                DMA1_Stream7_IRQHandler
                0x08003080                TIM7_IRQHandler
                0x08003080                CAN2_TX_IRQHandler
                0x08003080                TIM5_IRQHandler
                0x08003080                DMA2_Stream7_IRQHandler
                0x08003080                I2C3_EV_IRQHandler
                0x08003080                EXTI9_5_IRQHandler
                0x08003080                RTC_WKUP_IRQHandler
                0x08003080                ETH_WKUP_IRQHandler
                0x08003080                SPI2_IRQHandler
                0x08003080                OTG_HS_EP1_IN_IRQHandler
                0x08003080                DMA1_Stream0_IRQHandler
                0x08003080                CAN1_TX_IRQHandler
                0x08003080                EXTI4_IRQHandler
                0x08003080                FSMC_IRQHandler
                0x08003080                ETH_IRQHandler
                0x08003080                OTG_HS_EP1_OUT_IRQHandler
                0x08003080                WWDG_IRQHandler
                0x08003080                OTG_FS_WKUP_IRQHandler
                0x08003080                TIM1_TRG_COM_TIM11_IRQHandler
                0x08003080                OTG_HS_IRQHandler
                0x08003080                EXTI1_IRQHandler
                0x08003080                USART2_IRQHandler
                0x08003080                I2C2_ER_IRQHandler
                0x08003080                DMA2_Stream1_IRQHandler
                0x08003080                CAN1_SCE_IRQHandler
                0x08003080                FLASH_IRQHandler
                0x08003080                DMA2_Stream4_IRQHandler
                0x08003080                USART1_IRQHandler
                0x08003080                OTG_FS_IRQHandler
                0x08003080                SPI3_IRQHandler
                0x08003080                DMA1_Stream4_IRQHandler
                0x08003080                I2C1_ER_IRQHandler
                0x08003080                DMA2_Stream6_IRQHandler
                0x08003080                DMA1_Stream3_IRQHandler
 *fill*         0x08003082        0x2 
 .text.__libc_init_array
                0x08003084       0x48 c:/program files (x86)/atollic/truestudio for stm32 9.0.1/armtools/bin/../lib/gcc/arm-atollic-eabi/6.3.1/../../../../arm-atollic-eabi/lib/armv7e-m/fpu\libc.a(lib_a-init.o)
                0x08003084                __libc_init_array
 .text.sprintf  0x080030cc       0x48 c:/program files (x86)/atollic/truestudio for stm32 9.0.1/armtools/bin/../lib/gcc/arm-atollic-eabi/6.3.1/../../../../arm-atollic-eabi/lib/armv7e-m/fpu\libc.a(lib_a-sprintf.o)
                0x080030cc                sprintf
 *fill*         0x08003114        0x4 
 .text._svfprintf_r
                0x08003118      0xfa8 c:/program files (x86)/atollic/truestudio for stm32 9.0.1/armtools/bin/../lib/gcc/arm-atollic-eabi/6.3.1/../../../../arm-atollic-eabi/lib/armv7e-m/fpu\libc.a(lib_a-svfprintf.o)
                0x08003118                _svfprintf_r
 .text.quorem   0x080040c0      0x118 c:/program files (x86)/atollic/truestudio for stm32 9.0.1/armtools/bin/../lib/gcc/arm-atollic-eabi/6.3.1/../../../../arm-atollic-eabi/lib/armv7e-m/fpu\libc.a(lib_a-dtoa.o)
 .text._dtoa_r  0x080041d8      0xb9c c:/program files (x86)/atollic/truestudio for stm32 9.0.1/armtools/bin/../lib/gcc/arm-atollic-eabi/6.3.1/../../../../arm-atollic-eabi/lib/armv7e-m/fpu\libc.a(lib_a-dtoa.o)
                0x080041d8                _dtoa_r
 .text._localeconv_r
                0x08004d74       0x1c c:/program files (x86)/atollic/truestudio for stm32 9.0.1/armtools/bin/../lib/gcc/arm-atollic-eabi/6.3.1/../../../../arm-atollic-eabi/lib/armv7e-m/fpu\libc.a(lib_a-localeconv.o)
                0x08004d74                _localeconv_r
 .text.malloc   0x08004d90       0x10 c:/program files (x86)/atollic/truestudio for stm32 9.0.1/armtools/bin/../lib/gcc/arm-atollic-eabi/6.3.1/../../../../arm-atollic-eabi/lib/armv7e-m/fpu\libc.a(lib_a-malloc.o)
                0x08004d90                malloc
 .text._malloc_r
                0x08004da0      0x41c c:/program files (x86)/atollic/truestudio for stm32 9.0.1/armtools/bin/../lib/gcc/arm-atollic-eabi/6.3.1/../../../../arm-atollic-eabi/lib/armv7e-m/fpu\libc.a(lib_a-mallocr.o)
                0x08004da0                _malloc_r
 .text.memcpy   0x080051bc       0x16 c:/program files (x86)/atollic/truestudio for stm32 9.0.1/armtools/bin/../lib/gcc/arm-atollic-eabi/6.3.1/../../../../arm-atollic-eabi/lib/armv7e-m/fpu\libc.a(lib_a-memcpy-stub.o)
                0x080051bc                memcpy
 *fill*         0x080051d2        0x2 
 .text.__malloc_lock
                0x080051d4        0xc c:/program files (x86)/atollic/truestudio for stm32 9.0.1/armtools/bin/../lib/gcc/arm-atollic-eabi/6.3.1/../../../../arm-atollic-eabi/lib/armv7e-m/fpu\libc.a(lib_a-mlock.o)
                0x080051d4                __malloc_lock
 .text.__malloc_unlock
                0x080051e0        0xc c:/program files (x86)/atollic/truestudio for stm32 9.0.1/armtools/bin/../lib/gcc/arm-atollic-eabi/6.3.1/../../../../arm-atollic-eabi/lib/armv7e-m/fpu\libc.a(lib_a-mlock.o)
                0x080051e0                __malloc_unlock
 .text._Balloc  0x080051ec       0x68 c:/program files (x86)/atollic/truestudio for stm32 9.0.1/armtools/bin/../lib/gcc/arm-atollic-eabi/6.3.1/../../../../arm-atollic-eabi/lib/armv7e-m/fpu\libc.a(lib_a-mprec.o)
                0x080051ec                _Balloc
 .text._Bfree   0x08005254       0x2e c:/program files (x86)/atollic/truestudio for stm32 9.0.1/armtools/bin/../lib/gcc/arm-atollic-eabi/6.3.1/../../../../arm-atollic-eabi/lib/armv7e-m/fpu\libc.a(lib_a-mprec.o)
                0x08005254                _Bfree
 .text.__multadd
                0x08005282       0x76 c:/program files (x86)/atollic/truestudio for stm32 9.0.1/armtools/bin/../lib/gcc/arm-atollic-eabi/6.3.1/../../../../arm-atollic-eabi/lib/armv7e-m/fpu\libc.a(lib_a-mprec.o)
                0x08005282                __multadd
 .text.__hi0bits
                0x080052f8       0x3e c:/program files (x86)/atollic/truestudio for stm32 9.0.1/armtools/bin/../lib/gcc/arm-atollic-eabi/6.3.1/../../../../arm-atollic-eabi/lib/armv7e-m/fpu\libc.a(lib_a-mprec.o)
                0x080052f8                __hi0bits
 .text.__lo0bits
                0x08005336       0x5e c:/program files (x86)/atollic/truestudio for stm32 9.0.1/armtools/bin/../lib/gcc/arm-atollic-eabi/6.3.1/../../../../arm-atollic-eabi/lib/armv7e-m/fpu\libc.a(lib_a-mprec.o)
                0x08005336                __lo0bits
 .text.__i2b    0x08005394       0x12 c:/program files (x86)/atollic/truestudio for stm32 9.0.1/armtools/bin/../lib/gcc/arm-atollic-eabi/6.3.1/../../../../arm-atollic-eabi/lib/armv7e-m/fpu\libc.a(lib_a-mprec.o)
                0x08005394                __i2b
 .text.__multiply
                0x080053a6      0x11a c:/program files (x86)/atollic/truestudio for stm32 9.0.1/armtools/bin/../lib/gcc/arm-atollic-eabi/6.3.1/../../../../arm-atollic-eabi/lib/armv7e-m/fpu\libc.a(lib_a-mprec.o)
                0x080053a6                __multiply
 .text.__pow5mult
                0x080054c0       0x9c c:/program files (x86)/atollic/truestudio for stm32 9.0.1/armtools/bin/../lib/gcc/arm-atollic-eabi/6.3.1/../../../../arm-atollic-eabi/lib/armv7e-m/fpu\libc.a(lib_a-mprec.o)
                0x080054c0                __pow5mult
 .text.__lshift
                0x0800555c       0xa2 c:/program files (x86)/atollic/truestudio for stm32 9.0.1/armtools/bin/../lib/gcc/arm-atollic-eabi/6.3.1/../../../../arm-atollic-eabi/lib/armv7e-m/fpu\libc.a(lib_a-mprec.o)
                0x0800555c                __lshift
 .text.__mcmp   0x080055fe       0x34 c:/program files (x86)/atollic/truestudio for stm32 9.0.1/armtools/bin/../lib/gcc/arm-atollic-eabi/6.3.1/../../../../arm-atollic-eabi/lib/armv7e-m/fpu\libc.a(lib_a-mprec.o)
                0x080055fe                __mcmp
 .text.__mdiff  0x08005632       0xbc c:/program files (x86)/atollic/truestudio for stm32 9.0.1/armtools/bin/../lib/gcc/arm-atollic-eabi/6.3.1/../../../../arm-atollic-eabi/lib/armv7e-m/fpu\libc.a(lib_a-mprec.o)
                0x08005632                __mdiff
 .text.__d2b    0x080056ee       0x9e c:/program files (x86)/atollic/truestudio for stm32 9.0.1/armtools/bin/../lib/gcc/arm-atollic-eabi/6.3.1/../../../../arm-atollic-eabi/lib/armv7e-m/fpu\libc.a(lib_a-mprec.o)
                0x080056ee                __d2b
 .text._sbrk_r  0x0800578c       0x20 c:/program files (x86)/atollic/truestudio for stm32 9.0.1/armtools/bin/../lib/gcc/arm-atollic-eabi/6.3.1/../../../../arm-atollic-eabi/lib/armv7e-m/fpu\libc.a(lib_a-sbrkr.o)
                0x0800578c                _sbrk_r
 .text.__ssprint_r
                0x080057ac       0xf4 c:/program files (x86)/atollic/truestudio for stm32 9.0.1/armtools/bin/../lib/gcc/arm-atollic-eabi/6.3.1/../../../../arm-atollic-eabi/lib/armv7e-m/fpu\libc.a(lib_a-svfiprintf.o)
                0x080057ac                __ssprint_r
 .text._calloc_r
                0x080058a0       0x5a c:/program files (x86)/atollic/truestudio for stm32 9.0.1/armtools/bin/../lib/gcc/arm-atollic-eabi/6.3.1/../../../../arm-atollic-eabi/lib/armv7e-m/fpu\libc.a(lib_a-callocr.o)
                0x080058a0                _calloc_r
 *fill*         0x080058fa        0x2 
 .text._malloc_trim_r
                0x080058fc       0xac c:/program files (x86)/atollic/truestudio for stm32 9.0.1/armtools/bin/../lib/gcc/arm-atollic-eabi/6.3.1/../../../../arm-atollic-eabi/lib/armv7e-m/fpu\libc.a(lib_a-freer.o)
                0x080058fc                _malloc_trim_r
 .text._free_r  0x080059a8      0x178 c:/program files (x86)/atollic/truestudio for stm32 9.0.1/armtools/bin/../lib/gcc/arm-atollic-eabi/6.3.1/../../../../arm-atollic-eabi/lib/armv7e-m/fpu\libc.a(lib_a-freer.o)
                0x080059a8                _free_r
 .text.__retarget_lock_acquire_recursive
                0x08005b20        0x2 c:/program files (x86)/atollic/truestudio for stm32 9.0.1/armtools/bin/../lib/gcc/arm-atollic-eabi/6.3.1/../../../../arm-atollic-eabi/lib/armv7e-m/fpu\libc.a(lib_a-lock.o)
                0x08005b20                __retarget_lock_acquire_recursive
 .text.__retarget_lock_release_recursive
                0x08005b22        0x2 c:/program files (x86)/atollic/truestudio for stm32 9.0.1/armtools/bin/../lib/gcc/arm-atollic-eabi/6.3.1/../../../../arm-atollic-eabi/lib/armv7e-m/fpu\libc.a(lib_a-lock.o)
                0x08005b22                __retarget_lock_release_recursive
 .text.__ascii_mbtowc
                0x08005b24       0x24 c:/program files (x86)/atollic/truestudio for stm32 9.0.1/armtools/bin/../lib/gcc/arm-atollic-eabi/6.3.1/../../../../arm-atollic-eabi/lib/armv7e-m/fpu\libc.a(lib_a-mbtowc_r.o)
                0x08005b24                __ascii_mbtowc
 .text.memmove  0x08005b48       0x34 c:/program files (x86)/atollic/truestudio for stm32 9.0.1/armtools/bin/../lib/gcc/arm-atollic-eabi/6.3.1/../../../../arm-atollic-eabi/lib/armv7e-m/fpu\libc.a(lib_a-memmove.o)
                0x08005b48                memmove
 .text.memset   0x08005b7c       0x10 c:/program files (x86)/atollic/truestudio for stm32 9.0.1/armtools/bin/../lib/gcc/arm-atollic-eabi/6.3.1/../../../../arm-atollic-eabi/lib/armv7e-m/fpu\libc.a(lib_a-memset.o)
                0x08005b7c                memset
 .text._realloc_r
                0x08005b8c      0x300 c:/program files (x86)/atollic/truestudio for stm32 9.0.1/armtools/bin/../lib/gcc/arm-atollic-eabi/6.3.1/../../../../arm-atollic-eabi/lib/armv7e-m/fpu\libc.a(lib_a-reallocr.o)
                0x08005b8c                _realloc_r
 .text.__ascii_wctomb
                0x08005e8c       0x1a c:/program files (x86)/atollic/truestudio for stm32 9.0.1/armtools/bin/../lib/gcc/arm-atollic-eabi/6.3.1/../../../../arm-atollic-eabi/lib/armv7e-m/fpu\libc.a(lib_a-wctomb_r.o)
                0x08005e8c                __ascii_wctomb
 *fill*         0x08005ea6        0x2 
 .text._sbrk    0x08005ea8       0x1c c:/program files (x86)/atollic/truestudio for stm32 9.0.1/armtools/bin/../lib/gcc/arm-atollic-eabi/6.3.1/../../../../arm-atollic-eabi/lib/armv7e-m/fpu\libnosys.a(sbrk.o)
                0x08005ea8                _sbrk
 *(.glue_7)
 .glue_7        0x08005ec4        0x0 linker stubs
 *(.glue_7t)
 .glue_7t       0x08005ec4        0x0 linker stubs
 *(.eh_frame)
 .eh_frame      0x08005ec4        0x0 c:/program files (x86)/atollic/truestudio for stm32 9.0.1/armtools/bin/../lib/gcc/arm-atollic-eabi/6.3.1/armv7e-m/fpu/crtbegin.o
 *(.init)
 .init          0x08005ec4        0x4 c:/program files (x86)/atollic/truestudio for stm32 9.0.1/armtools/bin/../lib/gcc/arm-atollic-eabi/6.3.1/armv7e-m/fpu/crti.o
                0x08005ec4                _init
 .init          0x08005ec8        0x8 c:/program files (x86)/atollic/truestudio for stm32 9.0.1/armtools/bin/../lib/gcc/arm-atollic-eabi/6.3.1/armv7e-m/fpu/crtn.o
 *(.fini)
 .fini          0x08005ed0        0x4 c:/program files (x86)/atollic/truestudio for stm32 9.0.1/armtools/bin/../lib/gcc/arm-atollic-eabi/6.3.1/armv7e-m/fpu/crti.o
                0x08005ed0                _fini
 .fini          0x08005ed4        0x8 c:/program files (x86)/atollic/truestudio for stm32 9.0.1/armtools/bin/../lib/gcc/arm-atollic-eabi/6.3.1/armv7e-m/fpu/crtn.o
                0x08005edc                . = ALIGN (0x4)
                0x08005edc                _etext = .

.vfp11_veneer   0x08005edc        0x0
 .vfp11_veneer  0x08005edc        0x0 linker stubs

.v4_bx          0x08005edc        0x0
 .v4_bx         0x08005edc        0x0 linker stubs

.iplt           0x08005edc        0x0
 .iplt          0x08005edc        0x0 c:/program files (x86)/atollic/truestudio for stm32 9.0.1/armtools/bin/../lib/gcc/arm-atollic-eabi/6.3.1/armv7e-m/fpu/crtbegin.o

.rodata         0x08005ee0      0x2e0
                0x08005ee0                . = ALIGN (0x4)
 *(.rodata)
 *(.rodata*)
 .rodata.flagBitshiftOffset.8964
                0x08005ee0        0x8 Drivers\STM32F4xx_HAL_Driver\Src\stm32f4xx_hal_dma.o
 .rodata.MX_ADC1_Init.str1.1
                0x08005ee8        0xd Src\adc.o
 .rodata.main.str1.1
                0x08005ef5       0x27 Src\main.o
 .rodata.AHBPrescTable
                0x08005f1c       0x10 Src\system_stm32f4xx.o
                0x08005f1c                AHBPrescTable
 .rodata.APBPrescTable
                0x08005f2c        0x8 Src\system_stm32f4xx.o
                0x08005f2c                APBPrescTable
 .rodata.MX_TIM2_Init.str1.1
                0x08005f34        0xd Src\tim.o
 .rodata.MX_USART3_UART_Init.str1.1
                0x08005f41        0xf Src\usart.o
 .rodata._svfprintf_r.str1.1
                0x08005f50       0x34 c:/program files (x86)/atollic/truestudio for stm32 9.0.1/armtools/bin/../lib/gcc/arm-atollic-eabi/6.3.1/../../../../arm-atollic-eabi/lib/armv7e-m/fpu\libc.a(lib_a-svfprintf.o)
 .rodata.blanks.8359
                0x08005f84       0x10 c:/program files (x86)/atollic/truestudio for stm32 9.0.1/armtools/bin/../lib/gcc/arm-atollic-eabi/6.3.1/../../../../arm-atollic-eabi/lib/armv7e-m/fpu\libc.a(lib_a-svfprintf.o)
 .rodata.zeroes.8360
                0x08005f94       0x10 c:/program files (x86)/atollic/truestudio for stm32 9.0.1/armtools/bin/../lib/gcc/arm-atollic-eabi/6.3.1/../../../../arm-atollic-eabi/lib/armv7e-m/fpu\libc.a(lib_a-svfprintf.o)
 .rodata._dtoa_r.str1.1
                0x08005fa4        0xd c:/program files (x86)/atollic/truestudio for stm32 9.0.1/armtools/bin/../lib/gcc/arm-atollic-eabi/6.3.1/../../../../arm-atollic-eabi/lib/armv7e-m/fpu\libc.a(lib_a-dtoa.o)
                                  0xf (size before relaxing)
 *fill*         0x08005fb1        0x7 
 .rodata.__mprec_bigtens
                0x08005fb8       0x28 c:/program files (x86)/atollic/truestudio for stm32 9.0.1/armtools/bin/../lib/gcc/arm-atollic-eabi/6.3.1/../../../../arm-atollic-eabi/lib/armv7e-m/fpu\libc.a(lib_a-mprec.o)
                0x08005fb8                __mprec_bigtens
 .rodata.__mprec_tens
                0x08005fe0       0xc8 c:/program files (x86)/atollic/truestudio for stm32 9.0.1/armtools/bin/../lib/gcc/arm-atollic-eabi/6.3.1/../../../../arm-atollic-eabi/lib/armv7e-m/fpu\libc.a(lib_a-mprec.o)
                0x08005fe0                __mprec_tens
 .rodata.p05.7196
                0x080060a8        0xc c:/program files (x86)/atollic/truestudio for stm32 9.0.1/armtools/bin/../lib/gcc/arm-atollic-eabi/6.3.1/../../../../arm-atollic-eabi/lib/armv7e-m/fpu\libc.a(lib_a-mprec.o)
 .rodata._setlocale_r.str1.1
                0x080060b4        0x8 c:/program files (x86)/atollic/truestudio for stm32 9.0.1/armtools/bin/../lib/gcc/arm-atollic-eabi/6.3.1/../../../../arm-atollic-eabi/lib/armv7e-m/fpu\libc.a(lib_a-locale.o)
                                  0x9 (size before relaxing)
 .rodata.str1.1
                0x080060bc        0x2 c:/program files (x86)/atollic/truestudio for stm32 9.0.1/armtools/bin/../lib/gcc/arm-atollic-eabi/6.3.1/../../../../arm-atollic-eabi/lib/armv7e-m/fpu\libc.a(lib_a-locale.o)
 .rodata._ctype_
                0x080060be      0x101 c:/program files (x86)/atollic/truestudio for stm32 9.0.1/armtools/bin/../lib/gcc/arm-atollic-eabi/6.3.1/../../../../arm-atollic-eabi/lib/armv7e-m/fpu\libc.a(lib_a-ctype_.o)
                0x080060be                _ctype_
                0x080061c0                . = ALIGN (0x4)
 *fill*         0x080061bf        0x1 

.ARM.extab
 *(.ARM.extab* .gnu.linkonce.armextab.*)

.ARM            0x080061c0        0x8
                0x080061c0                __exidx_start = .
 *(.ARM.exidx*)
 .ARM.exidx     0x080061c0        0x8 c:/program files (x86)/atollic/truestudio for stm32 9.0.1/armtools/bin/../lib/gcc/arm-atollic-eabi/6.3.1/armv7e-m/fpu\libgcc.a(_udivmoddi4.o)
                0x080061c8                __exidx_end = .

.rel.dyn        0x080061c8        0x0
 .rel.iplt      0x080061c8        0x0 c:/program files (x86)/atollic/truestudio for stm32 9.0.1/armtools/bin/../lib/gcc/arm-atollic-eabi/6.3.1/armv7e-m/fpu/crtbegin.o

.preinit_array  0x080061c8        0x0
                0x080061c8                PROVIDE (__preinit_array_start, .)
 *(.preinit_array*)
                0x080061c8                PROVIDE (__preinit_array_end, .)

.init_array     0x080061c8        0x4
                0x080061c8                PROVIDE (__init_array_start, .)
 *(SORT(.init_array.*))
 *(.init_array*)
 .init_array    0x080061c8        0x4 c:/program files (x86)/atollic/truestudio for stm32 9.0.1/armtools/bin/../lib/gcc/arm-atollic-eabi/6.3.1/armv7e-m/fpu/crtbegin.o
                0x080061cc                PROVIDE (__init_array_end, .)

.fini_array     0x080061cc        0x4
                [!provide]                PROVIDE (__fini_array_start, .)
 *(SORT(.fini_array.*))
 *(.fini_array*)
 .fini_array    0x080061cc        0x4 c:/program files (x86)/atollic/truestudio for stm32 9.0.1/armtools/bin/../lib/gcc/arm-atollic-eabi/6.3.1/armv7e-m/fpu/crtbegin.o
                [!provide]                PROVIDE (__fini_array_end, .)
                0x080061d0                _sidata = LOADADDR (.data)

.data           0x20000000      0x674 load address 0x080061d0
                0x20000000                . = ALIGN (0x4)
                0x20000000                _sdata = .
 *(.data)
 *(.data*)
 .data.SystemCoreClock
                0x20000000        0x4 Src\system_stm32f4xx.o
                0x20000000                SystemCoreClock
 .data._impure_ptr
                0x20000004        0x4 c:/program files (x86)/atollic/truestudio for stm32 9.0.1/armtools/bin/../lib/gcc/arm-atollic-eabi/6.3.1/../../../../arm-atollic-eabi/lib/armv7e-m/fpu\libc.a(lib_a-impure.o)
                0x20000004                _impure_ptr
 .data.impure_data
                0x20000008       0xf0 c:/program files (x86)/atollic/truestudio for stm32 9.0.1/armtools/bin/../lib/gcc/arm-atollic-eabi/6.3.1/../../../../arm-atollic-eabi/lib/armv7e-m/fpu\libc.a(lib_a-impure.o)
 .data.__malloc_av_
                0x200000f8      0x408 c:/program files (x86)/atollic/truestudio for stm32 9.0.1/armtools/bin/../lib/gcc/arm-atollic-eabi/6.3.1/../../../../arm-atollic-eabi/lib/armv7e-m/fpu\libc.a(lib_a-mallocr.o)
                0x200000f8                __malloc_av_
 .data.__malloc_sbrk_base
                0x20000500        0x4 c:/program files (x86)/atollic/truestudio for stm32 9.0.1/armtools/bin/../lib/gcc/arm-atollic-eabi/6.3.1/../../../../arm-atollic-eabi/lib/armv7e-m/fpu\libc.a(lib_a-mallocr.o)
                0x20000500                __malloc_sbrk_base
 .data.__malloc_trim_threshold
                0x20000504        0x4 c:/program files (x86)/atollic/truestudio for stm32 9.0.1/armtools/bin/../lib/gcc/arm-atollic-eabi/6.3.1/../../../../arm-atollic-eabi/lib/armv7e-m/fpu\libc.a(lib_a-mallocr.o)
                0x20000504                __malloc_trim_threshold
 .data.__global_locale
                0x20000508      0x16c c:/program files (x86)/atollic/truestudio for stm32 9.0.1/armtools/bin/../lib/gcc/arm-atollic-eabi/6.3.1/../../../../arm-atollic-eabi/lib/armv7e-m/fpu\libc.a(lib_a-locale.o)
                0x20000508                __global_locale
                0x20000674                . = ALIGN (0x4)
                0x20000674                _edata = .
                0x08006844                _siccmram = LOADADDR (.ccmram)

.igot.plt       0x20000674        0x0 load address 0x08006844
 .igot.plt      0x20000674        0x0 c:/program files (x86)/atollic/truestudio for stm32 9.0.1/armtools/bin/../lib/gcc/arm-atollic-eabi/6.3.1/armv7e-m/fpu/crtbegin.o

.ccmram         0x10000000        0x0 load address 0x08006844
                0x10000000                . = ALIGN (0x4)
                0x10000000                _sccmram = .
 *(.ccmram)
 *(.ccmram*)
                0x10000000                . = ALIGN (0x4)
                0x10000000                _eccmram = .
                0x10000000                . = ALIGN (0x4)

.bss            0x20000674      0x20c
                0x20000674                _sbss = .
                0x20000674                __bss_start__ = _sbss
 *(.bss)
 .bss           0x20000674       0x1c c:/program files (x86)/atollic/truestudio for stm32 9.0.1/armtools/bin/../lib/gcc/arm-atollic-eabi/6.3.1/armv7e-m/fpu/crtbegin.o
 *(.bss*)
 .bss.__malloc_current_mallinfo
                0x20000690       0x28 c:/program files (x86)/atollic/truestudio for stm32 9.0.1/armtools/bin/../lib/gcc/arm-atollic-eabi/6.3.1/../../../../arm-atollic-eabi/lib/armv7e-m/fpu\libc.a(lib_a-mallocr.o)
                0x20000690                __malloc_current_mallinfo
 .bss.__malloc_max_sbrked_mem
                0x200006b8        0x4 c:/program files (x86)/atollic/truestudio for stm32 9.0.1/armtools/bin/../lib/gcc/arm-atollic-eabi/6.3.1/../../../../arm-atollic-eabi/lib/armv7e-m/fpu\libc.a(lib_a-mallocr.o)
                0x200006b8                __malloc_max_sbrked_mem
 .bss.__malloc_max_total_mem
                0x200006bc        0x4 c:/program files (x86)/atollic/truestudio for stm32 9.0.1/armtools/bin/../lib/gcc/arm-atollic-eabi/6.3.1/../../../../arm-atollic-eabi/lib/armv7e-m/fpu\libc.a(lib_a-mallocr.o)
                0x200006bc                __malloc_max_total_mem
 .bss.__malloc_top_pad
                0x200006c0        0x4 c:/program files (x86)/atollic/truestudio for stm32 9.0.1/armtools/bin/../lib/gcc/arm-atollic-eabi/6.3.1/../../../../arm-atollic-eabi/lib/armv7e-m/fpu\libc.a(lib_a-mallocr.o)
                0x200006c0                __malloc_top_pad
 .bss.heap_end.5239
                0x200006c4        0x4 c:/program files (x86)/atollic/truestudio for stm32 9.0.1/armtools/bin/../lib/gcc/arm-atollic-eabi/6.3.1/../../../../arm-atollic-eabi/lib/armv7e-m/fpu\libnosys.a(sbrk.o)
 *(COMMON)
 COMMON         0x200006c8        0x4 Drivers\STM32F4xx_HAL_Driver\Src\stm32f4xx_hal.o
                0x200006c8                uwTick
 COMMON         0x200006cc       0xa8 Src\adc.o
                0x200006cc                hadc1
                0x20000714                hdma_adc1
 COMMON         0x20000774       0x42 Src\main.o
                0x20000774                b
                0x200007a0                lectura_adc
 *fill*         0x200007b6        0x2 
 COMMON         0x200007b8       0x78 Src\tim.o
                0x200007b8                htim1
                0x200007f4                htim2
 COMMON         0x20000830       0x40 Src\usart.o
                0x20000830                huart3
 COMMON         0x20000870        0x9 c:/program files (x86)/atollic/truestudio for stm32 9.0.1/armtools/bin/../lib/gcc/arm-atollic-eabi/6.3.1/../../../../arm-atollic-eabi/lib/armv7e-m/fpu\libc.a(lib_a-lock.o)
                0x20000870                __lock___atexit_recursive_mutex
                0x20000871                __lock___arc4random_mutex
                0x20000872                __lock___env_recursive_mutex
                0x20000873                __lock___sinit_recursive_mutex
                0x20000874                __lock___malloc_recursive_mutex
                0x20000875                __lock___at_quick_exit_mutex
                0x20000876                __lock___dd_hash_mutex
                0x20000877                __lock___tz_mutex
                0x20000878                __lock___sfp_recursive_mutex
 *fill*         0x20000879        0x3 
 COMMON         0x2000087c        0x4 c:/program files (x86)/atollic/truestudio for stm32 9.0.1/armtools/bin/../lib/gcc/arm-atollic-eabi/6.3.1/../../../../arm-atollic-eabi/lib/armv7e-m/fpu\libc.a(lib_a-reent.o)
                0x2000087c                errno
                0x20000880                . = ALIGN (0x4)
                0x20000880                _ebss = .
                0x20000880                __bss_end__ = _ebss

._user_heap_stack
                0x20000880      0x600
                0x20000880                . = ALIGN (0x4)
                0x20000880                PROVIDE (end, .)
                [!provide]                PROVIDE (_end, .)
                0x20000a80                . = (. + _Min_Heap_Size)
 *fill*         0x20000880      0x200 
                0x20000e80                . = (. + _Min_Stack_Size)
 *fill*         0x20000a80      0x400 
                0x20000e80                . = ALIGN (0x4)

/DISCARD/
 libc.a(*)
 libm.a(*)
 libgcc.a(*)

.ARM.attributes
                0x00000000       0x30
 *(.ARM.attributes)
 .ARM.attributes
                0x00000000       0x22 c:/program files (x86)/atollic/truestudio for stm32 9.0.1/armtools/bin/../lib/gcc/arm-atollic-eabi/6.3.1/armv7e-m/fpu/crti.o
 .ARM.attributes
                0x00000022       0x34 c:/program files (x86)/atollic/truestudio for stm32 9.0.1/armtools/bin/../lib/gcc/arm-atollic-eabi/6.3.1/armv7e-m/fpu/crtbegin.o
 .ARM.attributes
                0x00000056       0x39 Drivers\STM32F4xx_HAL_Driver\Src\stm32f4xx_hal.o
 .ARM.attributes
                0x0000008f       0x39 Drivers\STM32F4xx_HAL_Driver\Src\stm32f4xx_hal_adc.o
 .ARM.attributes
                0x000000c8       0x39 Drivers\STM32F4xx_HAL_Driver\Src\stm32f4xx_hal_cortex.o
 .ARM.attributes
                0x00000101       0x39 Drivers\STM32F4xx_HAL_Driver\Src\stm32f4xx_hal_dma.o
 .ARM.attributes
                0x0000013a       0x39 Drivers\STM32F4xx_HAL_Driver\Src\stm32f4xx_hal_gpio.o
 .ARM.attributes
                0x00000173       0x39 Drivers\STM32F4xx_HAL_Driver\Src\stm32f4xx_hal_rcc.o
 .ARM.attributes
                0x000001ac       0x39 Drivers\STM32F4xx_HAL_Driver\Src\stm32f4xx_hal_tim.o
 .ARM.attributes
                0x000001e5       0x39 Drivers\STM32F4xx_HAL_Driver\Src\stm32f4xx_hal_tim_ex.o
 .ARM.attributes
                0x0000021e       0x39 Drivers\STM32F4xx_HAL_Driver\Src\stm32f4xx_hal_uart.o
 .ARM.attributes
                0x00000257       0x39 Src\adc.o
 .ARM.attributes
                0x00000290       0x39 Src\dma.o
 .ARM.attributes
                0x000002c9       0x39 Src\gpio.o
 .ARM.attributes
                0x00000302       0x39 Src\main.o
 .ARM.attributes
                0x0000033b       0x39 Src\stm32f4xx_hal_msp.o
 .ARM.attributes
                0x00000374       0x39 Src\stm32f4xx_it.o
 .ARM.attributes
                0x000003ad       0x39 Src\system_stm32f4xx.o
 .ARM.attributes
                0x000003e6       0x39 Src\tim.o
 .ARM.attributes
                0x0000041f       0x39 Src\usart.o
 .ARM.attributes
                0x00000458       0x21 startup\startup_stm32f407xx.o
 .ARM.attributes
                0x00000479       0x34 c:/program files (x86)/atollic/truestudio for stm32 9.0.1/armtools/bin/../lib/gcc/arm-atollic-eabi/6.3.1/../../../../arm-atollic-eabi/lib/armv7e-m/fpu\libc.a(lib_a-init.o)
 .ARM.attributes
                0x000004ad       0x34 c:/program files (x86)/atollic/truestudio for stm32 9.0.1/armtools/bin/../lib/gcc/arm-atollic-eabi/6.3.1/../../../../arm-atollic-eabi/lib/armv7e-m/fpu\libc.a(lib_a-sprintf.o)
 .ARM.attributes
                0x000004e1       0x1b c:/program files (x86)/atollic/truestudio for stm32 9.0.1/armtools/bin/../lib/gcc/arm-atollic-eabi/6.3.1/../../../../arm-atollic-eabi/lib/armv7e-m/fpu\libc.a(lib_a-strlen.o)
 .ARM.attributes
                0x000004fc       0x34 c:/program files (x86)/atollic/truestudio for stm32 9.0.1/armtools/bin/../lib/gcc/arm-atollic-eabi/6.3.1/../../../../arm-atollic-eabi/lib/armv7e-m/fpu\libc.a(lib_a-svfprintf.o)
 .ARM.attributes
                0x00000530       0x34 c:/program files (x86)/atollic/truestudio for stm32 9.0.1/armtools/bin/../lib/gcc/arm-atollic-eabi/6.3.1/../../../../arm-atollic-eabi/lib/armv7e-m/fpu\libc.a(lib_a-dtoa.o)
 .ARM.attributes
                0x00000564       0x34 c:/program files (x86)/atollic/truestudio for stm32 9.0.1/armtools/bin/../lib/gcc/arm-atollic-eabi/6.3.1/../../../../arm-atollic-eabi/lib/armv7e-m/fpu\libc.a(lib_a-impure.o)
 .ARM.attributes
                0x00000598       0x34 c:/program files (x86)/atollic/truestudio for stm32 9.0.1/armtools/bin/../lib/gcc/arm-atollic-eabi/6.3.1/../../../../arm-atollic-eabi/lib/armv7e-m/fpu\libc.a(lib_a-localeconv.o)
 .ARM.attributes
                0x000005cc       0x34 c:/program files (x86)/atollic/truestudio for stm32 9.0.1/armtools/bin/../lib/gcc/arm-atollic-eabi/6.3.1/../../../../arm-atollic-eabi/lib/armv7e-m/fpu\libc.a(lib_a-malloc.o)
 .ARM.attributes
                0x00000600       0x34 c:/program files (x86)/atollic/truestudio for stm32 9.0.1/armtools/bin/../lib/gcc/arm-atollic-eabi/6.3.1/../../../../arm-atollic-eabi/lib/armv7e-m/fpu\libc.a(lib_a-mallocr.o)
 .ARM.attributes
                0x00000634       0x20 c:/program files (x86)/atollic/truestudio for stm32 9.0.1/armtools/bin/../lib/gcc/arm-atollic-eabi/6.3.1/../../../../arm-atollic-eabi/lib/armv7e-m/fpu\libc.a(lib_a-memchr.o)
 .ARM.attributes
                0x00000654       0x34 c:/program files (x86)/atollic/truestudio for stm32 9.0.1/armtools/bin/../lib/gcc/arm-atollic-eabi/6.3.1/../../../../arm-atollic-eabi/lib/armv7e-m/fpu\libc.a(lib_a-memcpy-stub.o)
 .ARM.attributes
                0x00000688       0x34 c:/program files (x86)/atollic/truestudio for stm32 9.0.1/armtools/bin/../lib/gcc/arm-atollic-eabi/6.3.1/../../../../arm-atollic-eabi/lib/armv7e-m/fpu\libc.a(lib_a-mlock.o)
 .ARM.attributes
                0x000006bc       0x34 c:/program files (x86)/atollic/truestudio for stm32 9.0.1/armtools/bin/../lib/gcc/arm-atollic-eabi/6.3.1/../../../../arm-atollic-eabi/lib/armv7e-m/fpu\libc.a(lib_a-mprec.o)
 .ARM.attributes
                0x000006f0       0x34 c:/program files (x86)/atollic/truestudio for stm32 9.0.1/armtools/bin/../lib/gcc/arm-atollic-eabi/6.3.1/../../../../arm-atollic-eabi/lib/armv7e-m/fpu\libc.a(lib_a-sbrkr.o)
 .ARM.attributes
                0x00000724       0x34 c:/program files (x86)/atollic/truestudio for stm32 9.0.1/armtools/bin/../lib/gcc/arm-atollic-eabi/6.3.1/../../../../arm-atollic-eabi/lib/armv7e-m/fpu\libc.a(lib_a-svfiprintf.o)
 .ARM.attributes
                0x00000758       0x34 c:/program files (x86)/atollic/truestudio for stm32 9.0.1/armtools/bin/../lib/gcc/arm-atollic-eabi/6.3.1/../../../../arm-atollic-eabi/lib/armv7e-m/fpu\libc.a(lib_a-callocr.o)
 .ARM.attributes
                0x0000078c       0x34 c:/program files (x86)/atollic/truestudio for stm32 9.0.1/armtools/bin/../lib/gcc/arm-atollic-eabi/6.3.1/../../../../arm-atollic-eabi/lib/armv7e-m/fpu\libc.a(lib_a-freer.o)
 .ARM.attributes
                0x000007c0       0x34 c:/program files (x86)/atollic/truestudio for stm32 9.0.1/armtools/bin/../lib/gcc/arm-atollic-eabi/6.3.1/../../../../arm-atollic-eabi/lib/armv7e-m/fpu\libc.a(lib_a-locale.o)
 .ARM.attributes
                0x000007f4       0x34 c:/program files (x86)/atollic/truestudio for stm32 9.0.1/armtools/bin/../lib/gcc/arm-atollic-eabi/6.3.1/../../../../arm-atollic-eabi/lib/armv7e-m/fpu\libc.a(lib_a-lock.o)
 .ARM.attributes
                0x00000828       0x34 c:/program files (x86)/atollic/truestudio for stm32 9.0.1/armtools/bin/../lib/gcc/arm-atollic-eabi/6.3.1/../../../../arm-atollic-eabi/lib/armv7e-m/fpu\libc.a(lib_a-mbtowc_r.o)
 .ARM.attributes
                0x0000085c       0x34 c:/program files (x86)/atollic/truestudio for stm32 9.0.1/armtools/bin/../lib/gcc/arm-atollic-eabi/6.3.1/../../../../arm-atollic-eabi/lib/armv7e-m/fpu\libc.a(lib_a-memmove.o)
 .ARM.attributes
                0x00000890       0x34 c:/program files (x86)/atollic/truestudio for stm32 9.0.1/armtools/bin/../lib/gcc/arm-atollic-eabi/6.3.1/../../../../arm-atollic-eabi/lib/armv7e-m/fpu\libc.a(lib_a-memset.o)
 .ARM.attributes
                0x000008c4       0x34 c:/program files (x86)/atollic/truestudio for stm32 9.0.1/armtools/bin/../lib/gcc/arm-atollic-eabi/6.3.1/../../../../arm-atollic-eabi/lib/armv7e-m/fpu\libc.a(lib_a-reallocr.o)
 .ARM.attributes
                0x000008f8       0x34 c:/program files (x86)/atollic/truestudio for stm32 9.0.1/armtools/bin/../lib/gcc/arm-atollic-eabi/6.3.1/../../../../arm-atollic-eabi/lib/armv7e-m/fpu\libc.a(lib_a-reent.o)
 .ARM.attributes
                0x0000092c       0x34 c:/program files (x86)/atollic/truestudio for stm32 9.0.1/armtools/bin/../lib/gcc/arm-atollic-eabi/6.3.1/../../../../arm-atollic-eabi/lib/armv7e-m/fpu\libc.a(lib_a-wctomb_r.o)
 .ARM.attributes
                0x00000960       0x34 c:/program files (x86)/atollic/truestudio for stm32 9.0.1/armtools/bin/../lib/gcc/arm-atollic-eabi/6.3.1/../../../../arm-atollic-eabi/lib/armv7e-m/fpu\libc.a(lib_a-ctype_.o)
 .ARM.attributes
                0x00000994       0x22 c:/program files (x86)/atollic/truestudio for stm32 9.0.1/armtools/bin/../lib/gcc/arm-atollic-eabi/6.3.1/armv7e-m/fpu\libgcc.a(_arm_addsubdf3.o)
 .ARM.attributes
                0x000009b6       0x22 c:/program files (x86)/atollic/truestudio for stm32 9.0.1/armtools/bin/../lib/gcc/arm-atollic-eabi/6.3.1/armv7e-m/fpu\libgcc.a(_arm_muldivdf3.o)
 .ARM.attributes
                0x000009d8       0x22 c:/program files (x86)/atollic/truestudio for stm32 9.0.1/armtools/bin/../lib/gcc/arm-atollic-eabi/6.3.1/armv7e-m/fpu\libgcc.a(_arm_cmpdf2.o)
 .ARM.attributes
                0x000009fa       0x22 c:/program files (x86)/atollic/truestudio for stm32 9.0.1/armtools/bin/../lib/gcc/arm-atollic-eabi/6.3.1/armv7e-m/fpu\libgcc.a(_arm_unorddf2.o)
 .ARM.attributes
                0x00000a1c       0x22 c:/program files (x86)/atollic/truestudio for stm32 9.0.1/armtools/bin/../lib/gcc/arm-atollic-eabi/6.3.1/armv7e-m/fpu\libgcc.a(_arm_fixdfsi.o)
 .ARM.attributes
                0x00000a3e       0x22 c:/program files (x86)/atollic/truestudio for stm32 9.0.1/armtools/bin/../lib/gcc/arm-atollic-eabi/6.3.1/armv7e-m/fpu\libgcc.a(_aeabi_uldivmod.o)
 .ARM.attributes
                0x00000a60       0x34 c:/program files (x86)/atollic/truestudio for stm32 9.0.1/armtools/bin/../lib/gcc/arm-atollic-eabi/6.3.1/armv7e-m/fpu\libgcc.a(_udivmoddi4.o)
 .ARM.attributes
                0x00000a94       0x22 c:/program files (x86)/atollic/truestudio for stm32 9.0.1/armtools/bin/../lib/gcc/arm-atollic-eabi/6.3.1/armv7e-m/fpu\libgcc.a(_dvmd_tls.o)
 .ARM.attributes
                0x00000ab6       0x34 c:/program files (x86)/atollic/truestudio for stm32 9.0.1/armtools/bin/../lib/gcc/arm-atollic-eabi/6.3.1/../../../../arm-atollic-eabi/lib/armv7e-m/fpu\libnosys.a(sbrk.o)
 .ARM.attributes
                0x00000aea       0x22 c:/program files (x86)/atollic/truestudio for stm32 9.0.1/armtools/bin/../lib/gcc/arm-atollic-eabi/6.3.1/armv7e-m/fpu/crtn.o
OUTPUT(ControlFollower3.elf elf32-littlearm)

.debug_info     0x00000000    0x18952
 .debug_info    0x00000000     0x1119 Drivers\STM32F4xx_HAL_Driver\Src\stm32f4xx_hal.o
 .debug_info    0x00001119     0x15c6 Drivers\STM32F4xx_HAL_Driver\Src\stm32f4xx_hal_adc.o
 .debug_info    0x000026df     0x175d Drivers\STM32F4xx_HAL_Driver\Src\stm32f4xx_hal_cortex.o
 .debug_info    0x00003e3c     0x1275 Drivers\STM32F4xx_HAL_Driver\Src\stm32f4xx_hal_dma.o
 .debug_info    0x000050b1      0xfa1 Drivers\STM32F4xx_HAL_Driver\Src\stm32f4xx_hal_gpio.o
 .debug_info    0x00006052     0x1255 Drivers\STM32F4xx_HAL_Driver\Src\stm32f4xx_hal_rcc.o
 .debug_info    0x000072a7     0x3bbb Drivers\STM32F4xx_HAL_Driver\Src\stm32f4xx_hal_tim.o
 .debug_info    0x0000ae62     0x19be Drivers\STM32F4xx_HAL_Driver\Src\stm32f4xx_hal_tim_ex.o
 .debug_info    0x0000c820     0x1ebc Drivers\STM32F4xx_HAL_Driver\Src\stm32f4xx_hal_uart.o
 .debug_info    0x0000e6dc     0x1587 Src\adc.o
 .debug_info    0x0000fc63      0xd8f Src\dma.o
 .debug_info    0x000109f2      0xd46 Src\gpio.o
 .debug_info    0x00011738     0x1e40 Src\main.o
 .debug_info    0x00013578      0xc7a Src\stm32f4xx_hal_msp.o
 .debug_info    0x000141f2      0xf1b Src\stm32f4xx_it.o
 .debug_info    0x0001510d      0xd35 Src\system_stm32f4xx.o
 .debug_info    0x00015e42     0x18f9 Src\tim.o
 .debug_info    0x0001773b     0x1197 Src\usart.o
 .debug_info    0x000188d2       0x80 startup\startup_stm32f407xx.o

.debug_abbrev   0x00000000     0x30d4
 .debug_abbrev  0x00000000      0x2cf Drivers\STM32F4xx_HAL_Driver\Src\stm32f4xx_hal.o
 .debug_abbrev  0x000002cf      0x321 Drivers\STM32F4xx_HAL_Driver\Src\stm32f4xx_hal_adc.o
 .debug_abbrev  0x000005f0      0x399 Drivers\STM32F4xx_HAL_Driver\Src\stm32f4xx_hal_cortex.o
 .debug_abbrev  0x00000989      0x34a Drivers\STM32F4xx_HAL_Driver\Src\stm32f4xx_hal_dma.o
 .debug_abbrev  0x00000cd3      0x268 Drivers\STM32F4xx_HAL_Driver\Src\stm32f4xx_hal_gpio.o
 .debug_abbrev  0x00000f3b      0x348 Drivers\STM32F4xx_HAL_Driver\Src\stm32f4xx_hal_rcc.o
 .debug_abbrev  0x00001283      0x3ac Drivers\STM32F4xx_HAL_Driver\Src\stm32f4xx_hal_tim.o
 .debug_abbrev  0x0000162f      0x300 Drivers\STM32F4xx_HAL_Driver\Src\stm32f4xx_hal_tim_ex.o
 .debug_abbrev  0x0000192f      0x397 Drivers\STM32F4xx_HAL_Driver\Src\stm32f4xx_hal_uart.o
 .debug_abbrev  0x00001cc6      0x238 Src\adc.o
 .debug_abbrev  0x00001efe      0x1f5 Src\dma.o
 .debug_abbrev  0x000020f3      0x1f7 Src\gpio.o
 .debug_abbrev  0x000022ea      0x338 Src\main.o
 .debug_abbrev  0x00002622      0x1d3 Src\stm32f4xx_hal_msp.o
 .debug_abbrev  0x000027f5      0x231 Src\stm32f4xx_it.o
 .debug_abbrev  0x00002a26      0x1ca Src\system_stm32f4xx.o
 .debug_abbrev  0x00002bf0      0x2ab Src\tim.o
 .debug_abbrev  0x00002e9b      0x227 Src\usart.o
 .debug_abbrev  0x000030c2       0x12 startup\startup_stm32f407xx.o

.debug_loc      0x00000000     0x6a5f
 .debug_loc     0x00000000       0x69 Drivers\STM32F4xx_HAL_Driver\Src\stm32f4xx_hal.o
 .debug_loc     0x00000069      0x79c Drivers\STM32F4xx_HAL_Driver\Src\stm32f4xx_hal_adc.o
 .debug_loc     0x00000805      0x4fb Drivers\STM32F4xx_HAL_Driver\Src\stm32f4xx_hal_cortex.o
 .debug_loc     0x00000d00      0x727 Drivers\STM32F4xx_HAL_Driver\Src\stm32f4xx_hal_dma.o
 .debug_loc     0x00001427      0x3cd Drivers\STM32F4xx_HAL_Driver\Src\stm32f4xx_hal_gpio.o
 .debug_loc     0x000017f4      0x2d3 Drivers\STM32F4xx_HAL_Driver\Src\stm32f4xx_hal_rcc.o
 .debug_loc     0x00001ac7     0x30b2 Drivers\STM32F4xx_HAL_Driver\Src\stm32f4xx_hal_tim.o
 .debug_loc     0x00004b79      0x84a Drivers\STM32F4xx_HAL_Driver\Src\stm32f4xx_hal_tim_ex.o
 .debug_loc     0x000053c3     0x132c Drivers\STM32F4xx_HAL_Driver\Src\stm32f4xx_hal_uart.o
 .debug_loc     0x000066ef       0x63 Src\adc.o
 .debug_loc     0x00006752       0xfc Src\main.o
 .debug_loc     0x0000684e      0x11c Src\system_stm32f4xx.o
 .debug_loc     0x0000696a       0xa8 Src\tim.o
 .debug_loc     0x00006a12       0x4d Src\usart.o

.debug_aranges  0x00000000      0xa30
 .debug_aranges
                0x00000000       0xc0 Drivers\STM32F4xx_HAL_Driver\Src\stm32f4xx_hal.o
 .debug_aranges
                0x000000c0       0xb8 Drivers\STM32F4xx_HAL_Driver\Src\stm32f4xx_hal_adc.o
 .debug_aranges
                0x00000178       0xa8 Drivers\STM32F4xx_HAL_Driver\Src\stm32f4xx_hal_cortex.o
 .debug_aranges
                0x00000220       0x80 Drivers\STM32F4xx_HAL_Driver\Src\stm32f4xx_hal_dma.o
 .debug_aranges
                0x000002a0       0x58 Drivers\STM32F4xx_HAL_Driver\Src\stm32f4xx_hal_gpio.o
 .debug_aranges
                0x000002f8       0x88 Drivers\STM32F4xx_HAL_Driver\Src\stm32f4xx_hal_rcc.o
 .debug_aranges
                0x00000380      0x250 Drivers\STM32F4xx_HAL_Driver\Src\stm32f4xx_hal_tim.o
 .debug_aranges
                0x000005d0       0xf0 Drivers\STM32F4xx_HAL_Driver\Src\stm32f4xx_hal_tim_ex.o
 .debug_aranges
                0x000006c0      0x170 Drivers\STM32F4xx_HAL_Driver\Src\stm32f4xx_hal_uart.o
 .debug_aranges
                0x00000830       0x30 Src\adc.o
 .debug_aranges
                0x00000860       0x20 Src\dma.o
 .debug_aranges
                0x00000880       0x20 Src\gpio.o
 .debug_aranges
                0x000008a0       0x58 Src\main.o
 .debug_aranges
                0x000008f8       0x20 Src\stm32f4xx_hal_msp.o
 .debug_aranges
                0x00000918       0x58 Src\stm32f4xx_it.o
 .debug_aranges
                0x00000970       0x28 Src\system_stm32f4xx.o
 .debug_aranges
                0x00000998       0x40 Src\tim.o
 .debug_aranges
                0x000009d8       0x30 Src\usart.o
 .debug_aranges
                0x00000a08       0x28 startup\startup_stm32f407xx.o

.debug_ranges   0x00000000      0xc70
 .debug_ranges  0x00000000       0xb0 Drivers\STM32F4xx_HAL_Driver\Src\stm32f4xx_hal.o
 .debug_ranges  0x000000b0       0xc8 Drivers\STM32F4xx_HAL_Driver\Src\stm32f4xx_hal_adc.o
 .debug_ranges  0x00000178      0x138 Drivers\STM32F4xx_HAL_Driver\Src\stm32f4xx_hal_cortex.o
 .debug_ranges  0x000002b0       0xc8 Drivers\STM32F4xx_HAL_Driver\Src\stm32f4xx_hal_dma.o
 .debug_ranges  0x00000378       0x68 Drivers\STM32F4xx_HAL_Driver\Src\stm32f4xx_hal_gpio.o
 .debug_ranges  0x000003e0       0xc8 Drivers\STM32F4xx_HAL_Driver\Src\stm32f4xx_hal_rcc.o
 .debug_ranges  0x000004a8      0x330 Drivers\STM32F4xx_HAL_Driver\Src\stm32f4xx_hal_tim.o
 .debug_ranges  0x000007d8       0xe0 Drivers\STM32F4xx_HAL_Driver\Src\stm32f4xx_hal_tim_ex.o
 .debug_ranges  0x000008b8      0x178 Drivers\STM32F4xx_HAL_Driver\Src\stm32f4xx_hal_uart.o
 .debug_ranges  0x00000a30       0x48 Src\adc.o
 .debug_ranges  0x00000a78       0x28 Src\dma.o
 .debug_ranges  0x00000aa0       0x48 Src\gpio.o
 .debug_ranges  0x00000ae8       0x78 Src\main.o
 .debug_ranges  0x00000b60       0x10 Src\stm32f4xx_hal_msp.o
 .debug_ranges  0x00000b70       0x48 Src\stm32f4xx_it.o
 .debug_ranges  0x00000bb8       0x18 Src\system_stm32f4xx.o
 .debug_ranges  0x00000bd0       0x48 Src\tim.o
 .debug_ranges  0x00000c18       0x38 Src\usart.o
 .debug_ranges  0x00000c50       0x20 startup\startup_stm32f407xx.o

.debug_line     0x00000000     0x636e
 .debug_line    0x00000000      0x43b Drivers\STM32F4xx_HAL_Driver\Src\stm32f4xx_hal.o
 .debug_line    0x0000043b      0x758 Drivers\STM32F4xx_HAL_Driver\Src\stm32f4xx_hal_adc.o
 .debug_line    0x00000b93      0x4dc Drivers\STM32F4xx_HAL_Driver\Src\stm32f4xx_hal_cortex.o
 .debug_line    0x0000106f      0x5f7 Drivers\STM32F4xx_HAL_Driver\Src\stm32f4xx_hal_dma.o
 .debug_line    0x00001666      0x47a Drivers\STM32F4xx_HAL_Driver\Src\stm32f4xx_hal_gpio.o
 .debug_line    0x00001ae0      0x57f Drivers\STM32F4xx_HAL_Driver\Src\stm32f4xx_hal_rcc.o
 .debug_line    0x0000205f     0x117f Drivers\STM32F4xx_HAL_Driver\Src\stm32f4xx_hal_tim.o
 .debug_line    0x000031de      0x6cb Drivers\STM32F4xx_HAL_Driver\Src\stm32f4xx_hal_tim_ex.o
 .debug_line    0x000038a9      0xbef Drivers\STM32F4xx_HAL_Driver\Src\stm32f4xx_hal_uart.o
 .debug_line    0x00004498      0x397 Src\adc.o
 .debug_line    0x0000482f      0x277 Src\dma.o
 .debug_line    0x00004aa6      0x296 Src\gpio.o
 .debug_line    0x00004d3c      0x6bd Src\main.o
 .debug_line    0x000053f9      0x289 Src\stm32f4xx_hal_msp.o
 .debug_line    0x00005682      0x349 Src\stm32f4xx_it.o
 .debug_line    0x000059cb      0x275 Src\system_stm32f4xx.o
 .debug_line    0x00005c40      0x3a2 Src\tim.o
 .debug_line    0x00005fe2      0x30d Src\usart.o
 .debug_line    0x000062ef       0x7f startup\startup_stm32f407xx.o

.debug_str      0x00000000     0x3e77
 .debug_str     0x00000000      0xe6b Drivers\STM32F4xx_HAL_Driver\Src\stm32f4xx_hal.o
                                0xf03 (size before relaxing)
 .debug_str     0x00000e6b      0x6c2 Drivers\STM32F4xx_HAL_Driver\Src\stm32f4xx_hal_adc.o
                                0xdb9 (size before relaxing)
 .debug_str     0x0000152d      0x3c3 Drivers\STM32F4xx_HAL_Driver\Src\stm32f4xx_hal_cortex.o
                               0x1090 (size before relaxing)
 .debug_str     0x000018f0      0x2ef Drivers\STM32F4xx_HAL_Driver\Src\stm32f4xx_hal_dma.o
                                0xbec (size before relaxing)
 .debug_str     0x00001bdf      0x1d3 Drivers\STM32F4xx_HAL_Driver\Src\stm32f4xx_hal_gpio.o
                                0x966 (size before relaxing)
 .debug_str     0x00001db2      0x2d0 Drivers\STM32F4xx_HAL_Driver\Src\stm32f4xx_hal_rcc.o
                                0xb20 (size before relaxing)
 .debug_str     0x00002082      0xeda Drivers\STM32F4xx_HAL_Driver\Src\stm32f4xx_hal_tim.o
                               0x182b (size before relaxing)
 .debug_str     0x00002f5c      0x50d Drivers\STM32F4xx_HAL_Driver\Src\stm32f4xx_hal_tim_ex.o
                               0x10eb (size before relaxing)
 .debug_str     0x00003469      0x6e1 Drivers\STM32F4xx_HAL_Driver\Src\stm32f4xx_hal_uart.o
                               0x1068 (size before relaxing)
 .debug_str     0x00003b4a       0x43 Src\adc.o
                                0xc85 (size before relaxing)
 .debug_str     0x00003b8d       0x19 Src\dma.o
                                0xc56 (size before relaxing)
 .debug_str     0x00003ba6       0x1b Src\gpio.o
                                0x7ff (size before relaxing)
 .debug_str     0x00003bc1      0x12a Src\main.o
                               0x1716 (size before relaxing)
 .debug_str     0x00003ceb       0x1b Src\stm32f4xx_hal_msp.o
                                0xb6b (size before relaxing)
 .debug_str     0x00003d06       0xce Src\stm32f4xx_it.o
                                0xb58 (size before relaxing)
 .debug_str     0x00003dd4       0x45 Src\system_stm32f4xx.o
                                0x7ca (size before relaxing)
 .debug_str     0x00003e19       0x44 Src\tim.o
                               0x13e3 (size before relaxing)
 .debug_str     0x00003e5d       0x1a Src\usart.o
                                0xc44 (size before relaxing)

.comment        0x00000000       0x7c
 .comment       0x00000000       0x7c Drivers\STM32F4xx_HAL_Driver\Src\stm32f4xx_hal.o
                                 0x7d (size before relaxing)
 .comment       0x0000007c       0x7d Drivers\STM32F4xx_HAL_Driver\Src\stm32f4xx_hal_adc.o
 .comment       0x0000007c       0x7d Drivers\STM32F4xx_HAL_Driver\Src\stm32f4xx_hal_cortex.o
 .comment       0x0000007c       0x7d Drivers\STM32F4xx_HAL_Driver\Src\stm32f4xx_hal_dma.o
 .comment       0x0000007c       0x7d Drivers\STM32F4xx_HAL_Driver\Src\stm32f4xx_hal_gpio.o
 .comment       0x0000007c       0x7d Drivers\STM32F4xx_HAL_Driver\Src\stm32f4xx_hal_rcc.o
 .comment       0x0000007c       0x7d Drivers\STM32F4xx_HAL_Driver\Src\stm32f4xx_hal_tim.o
 .comment       0x0000007c       0x7d Drivers\STM32F4xx_HAL_Driver\Src\stm32f4xx_hal_tim_ex.o
 .comment       0x0000007c       0x7d Drivers\STM32F4xx_HAL_Driver\Src\stm32f4xx_hal_uart.o
 .comment       0x0000007c       0x7d Src\adc.o
 .comment       0x0000007c       0x7d Src\dma.o
 .comment       0x0000007c       0x7d Src\gpio.o
 .comment       0x0000007c       0x7d Src\main.o
 .comment       0x0000007c       0x7d Src\stm32f4xx_hal_msp.o
 .comment       0x0000007c       0x7d Src\stm32f4xx_it.o
 .comment       0x0000007c       0x7d Src\system_stm32f4xx.o
 .comment       0x0000007c       0x7d Src\tim.o
 .comment       0x0000007c       0x7d Src\usart.o

.debug_frame    0x00000000     0x2744
 .debug_frame   0x00000000      0x194 Drivers\STM32F4xx_HAL_Driver\Src\stm32f4xx_hal.o
 .debug_frame   0x00000194      0x244 Drivers\STM32F4xx_HAL_Driver\Src\stm32f4xx_hal_adc.o
 .debug_frame   0x000003d8      0x158 Drivers\STM32F4xx_HAL_Driver\Src\stm32f4xx_hal_cortex.o
 .debug_frame   0x00000530      0x150 Drivers\STM32F4xx_HAL_Driver\Src\stm32f4xx_hal_dma.o
 .debug_frame   0x00000680       0xd8 Drivers\STM32F4xx_HAL_Driver\Src\stm32f4xx_hal_gpio.o
 .debug_frame   0x00000758      0x138 Drivers\STM32F4xx_HAL_Driver\Src\stm32f4xx_hal_rcc.o
 .debug_frame   0x00000890      0x854 Drivers\STM32F4xx_HAL_Driver\Src\stm32f4xx_hal_tim.o
 .debug_frame   0x000010e4      0x330 Drivers\STM32F4xx_HAL_Driver\Src\stm32f4xx_hal_tim_ex.o
 .debug_frame   0x00001414      0x4a0 Drivers\STM32F4xx_HAL_Driver\Src\stm32f4xx_hal_uart.o
 .debug_frame   0x000018b4       0x70 Src\adc.o
 .debug_frame   0x00001924       0x28 Src\dma.o
 .debug_frame   0x0000194c       0x34 Src\gpio.o
 .debug_frame   0x00001980       0xec Src\main.o
 .debug_frame   0x00001a6c       0x2c Src\stm32f4xx_hal_msp.o
 .debug_frame   0x00001a98       0xcc Src\stm32f4xx_it.o
 .debug_frame   0x00001b64       0x38 Src\system_stm32f4xx.o
 .debug_frame   0x00001b9c       0x8c Src\tim.o
 .debug_frame   0x00001c28       0x58 Src\usart.o
 .debug_frame   0x00001c80       0x2c c:/program files (x86)/atollic/truestudio for stm32 9.0.1/armtools/bin/../lib/gcc/arm-atollic-eabi/6.3.1/../../../../arm-atollic-eabi/lib/armv7e-m/fpu\libc.a(lib_a-init.o)
 .debug_frame   0x00001cac       0x70 c:/program files (x86)/atollic/truestudio for stm32 9.0.1/armtools/bin/../lib/gcc/arm-atollic-eabi/6.3.1/../../../../arm-atollic-eabi/lib/armv7e-m/fpu\libc.a(lib_a-sprintf.o)
 .debug_frame   0x00001d1c       0x40 c:/program files (x86)/atollic/truestudio for stm32 9.0.1/armtools/bin/../lib/gcc/arm-atollic-eabi/6.3.1/../../../../arm-atollic-eabi/lib/armv7e-m/fpu\libc.a(lib_a-svfprintf.o)
 .debug_frame   0x00001d5c       0x6c c:/program files (x86)/atollic/truestudio for stm32 9.0.1/armtools/bin/../lib/gcc/arm-atollic-eabi/6.3.1/../../../../arm-atollic-eabi/lib/armv7e-m/fpu\libc.a(lib_a-dtoa.o)
 .debug_frame   0x00001dc8       0x40 c:/program files (x86)/atollic/truestudio for stm32 9.0.1/armtools/bin/../lib/gcc/arm-atollic-eabi/6.3.1/../../../../arm-atollic-eabi/lib/armv7e-m/fpu\libc.a(lib_a-localeconv.o)
 .debug_frame   0x00001e08       0x30 c:/program files (x86)/atollic/truestudio for stm32 9.0.1/armtools/bin/../lib/gcc/arm-atollic-eabi/6.3.1/../../../../arm-atollic-eabi/lib/armv7e-m/fpu\libc.a(lib_a-malloc.o)
 .debug_frame   0x00001e38       0x40 c:/program files (x86)/atollic/truestudio for stm32 9.0.1/armtools/bin/../lib/gcc/arm-atollic-eabi/6.3.1/../../../../arm-atollic-eabi/lib/armv7e-m/fpu\libc.a(lib_a-mallocr.o)
 .debug_frame   0x00001e78       0x28 c:/program files (x86)/atollic/truestudio for stm32 9.0.1/armtools/bin/../lib/gcc/arm-atollic-eabi/6.3.1/../../../../arm-atollic-eabi/lib/armv7e-m/fpu\libc.a(lib_a-memcpy-stub.o)
 .debug_frame   0x00001ea0       0x30 c:/program files (x86)/atollic/truestudio for stm32 9.0.1/armtools/bin/../lib/gcc/arm-atollic-eabi/6.3.1/../../../../arm-atollic-eabi/lib/armv7e-m/fpu\libc.a(lib_a-mlock.o)
 .debug_frame   0x00001ed0      0x240 c:/program files (x86)/atollic/truestudio for stm32 9.0.1/armtools/bin/../lib/gcc/arm-atollic-eabi/6.3.1/../../../../arm-atollic-eabi/lib/armv7e-m/fpu\libc.a(lib_a-mprec.o)
 .debug_frame   0x00002110       0x2c c:/program files (x86)/atollic/truestudio for stm32 9.0.1/armtools/bin/../lib/gcc/arm-atollic-eabi/6.3.1/../../../../arm-atollic-eabi/lib/armv7e-m/fpu\libc.a(lib_a-sbrkr.o)
 .debug_frame   0x0000213c       0x6c c:/program files (x86)/atollic/truestudio for stm32 9.0.1/armtools/bin/../lib/gcc/arm-atollic-eabi/6.3.1/../../../../arm-atollic-eabi/lib/armv7e-m/fpu\libc.a(lib_a-svfiprintf.o)
 .debug_frame   0x000021a8       0x28 c:/program files (x86)/atollic/truestudio for stm32 9.0.1/armtools/bin/../lib/gcc/arm-atollic-eabi/6.3.1/../../../../arm-atollic-eabi/lib/armv7e-m/fpu\libc.a(lib_a-callocr.o)
 .debug_frame   0x000021d0       0x60 c:/program files (x86)/atollic/truestudio for stm32 9.0.1/armtools/bin/../lib/gcc/arm-atollic-eabi/6.3.1/../../../../arm-atollic-eabi/lib/armv7e-m/fpu\libc.a(lib_a-freer.o)
 .debug_frame   0x00002230       0x68 c:/program files (x86)/atollic/truestudio for stm32 9.0.1/armtools/bin/../lib/gcc/arm-atollic-eabi/6.3.1/../../../../arm-atollic-eabi/lib/armv7e-m/fpu\libc.a(lib_a-locale.o)
 .debug_frame   0x00002298       0xb0 c:/program files (x86)/atollic/truestudio for stm32 9.0.1/armtools/bin/../lib/gcc/arm-atollic-eabi/6.3.1/../../../../arm-atollic-eabi/lib/armv7e-m/fpu\libc.a(lib_a-lock.o)
 .debug_frame   0x00002348       0x48 c:/program files (x86)/atollic/truestudio for stm32 9.0.1/armtools/bin/../lib/gcc/arm-atollic-eabi/6.3.1/../../../../arm-atollic-eabi/lib/armv7e-m/fpu\libc.a(lib_a-mbtowc_r.o)
 .debug_frame   0x00002390       0x28 c:/program files (x86)/atollic/truestudio for stm32 9.0.1/armtools/bin/../lib/gcc/arm-atollic-eabi/6.3.1/../../../../arm-atollic-eabi/lib/armv7e-m/fpu\libc.a(lib_a-memmove.o)
 .debug_frame   0x000023b8       0x20 c:/program files (x86)/atollic/truestudio for stm32 9.0.1/armtools/bin/../lib/gcc/arm-atollic-eabi/6.3.1/../../../../arm-atollic-eabi/lib/armv7e-m/fpu\libc.a(lib_a-memset.o)
 .debug_frame   0x000023d8       0x50 c:/program files (x86)/atollic/truestudio for stm32 9.0.1/armtools/bin/../lib/gcc/arm-atollic-eabi/6.3.1/../../../../arm-atollic-eabi/lib/armv7e-m/fpu\libc.a(lib_a-reallocr.o)
 .debug_frame   0x00002428       0x5c c:/program files (x86)/atollic/truestudio for stm32 9.0.1/armtools/bin/../lib/gcc/arm-atollic-eabi/6.3.1/../../../../arm-atollic-eabi/lib/armv7e-m/fpu\libc.a(lib_a-reent.o)
 .debug_frame   0x00002484       0x3c c:/program files (x86)/atollic/truestudio for stm32 9.0.1/armtools/bin/../lib/gcc/arm-atollic-eabi/6.3.1/../../../../arm-atollic-eabi/lib/armv7e-m/fpu\libc.a(lib_a-wctomb_r.o)
 .debug_frame   0x000024c0       0xac c:/program files (x86)/atollic/truestudio for stm32 9.0.1/armtools/bin/../lib/gcc/arm-atollic-eabi/6.3.1/armv7e-m/fpu\libgcc.a(_arm_addsubdf3.o)
 .debug_frame   0x0000256c       0x50 c:/program files (x86)/atollic/truestudio for stm32 9.0.1/armtools/bin/../lib/gcc/arm-atollic-eabi/6.3.1/armv7e-m/fpu\libgcc.a(_arm_muldivdf3.o)
 .debug_frame   0x000025bc       0xc4 c:/program files (x86)/atollic/truestudio for stm32 9.0.1/armtools/bin/../lib/gcc/arm-atollic-eabi/6.3.1/armv7e-m/fpu\libgcc.a(_arm_cmpdf2.o)
 .debug_frame   0x00002680       0x20 c:/program files (x86)/atollic/truestudio for stm32 9.0.1/armtools/bin/../lib/gcc/arm-atollic-eabi/6.3.1/armv7e-m/fpu\libgcc.a(_arm_unorddf2.o)
 .debug_frame   0x000026a0       0x24 c:/program files (x86)/atollic/truestudio for stm32 9.0.1/armtools/bin/../lib/gcc/arm-atollic-eabi/6.3.1/armv7e-m/fpu\libgcc.a(_arm_fixdfsi.o)
 .debug_frame   0x000026c4       0x2c c:/program files (x86)/atollic/truestudio for stm32 9.0.1/armtools/bin/../lib/gcc/arm-atollic-eabi/6.3.1/armv7e-m/fpu\libgcc.a(_aeabi_uldivmod.o)
 .debug_frame   0x000026f0       0x34 c:/program files (x86)/atollic/truestudio for stm32 9.0.1/armtools/bin/../lib/gcc/arm-atollic-eabi/6.3.1/armv7e-m/fpu\libgcc.a(_udivmoddi4.o)
 .debug_frame   0x00002724       0x20 c:/program files (x86)/atollic/truestudio for stm32 9.0.1/armtools/bin/../lib/gcc/arm-atollic-eabi/6.3.1/../../../../arm-atollic-eabi/lib/armv7e-m/fpu\libnosys.a(sbrk.o)
